==2047==    by 0x165981: initialize_shell_variables (in /usr/bin/bash)
==2044==    by 0x191D64: array_create (in /usr/bin/bash)
==2047==    by 0x13CB63: ??? (in /usr/bin/bash)
==2044==    by 0x19785F: find_or_make_array_variable (in /usr/bin/bash)
==2047==    by 0x139F34: main (in /usr/bin/bash)
==2044==    by 0x198D43: assign_array_from_string (in /usr/bin/bash)
==2047== 
==2044==    by 0x17AFC1: ??? (in /usr/bin/bash)
==2047== 13 bytes in 1 blocks are still reachable in loss record 100 of 381
==2044==    by 0x190848: ??? (in /usr/bin/bash)
==2044==    by 0x153F3E: ??? (in /usr/bin/bash)
==2044==    by 0x155AFC: execute_command_internal (in /usr/bin/bash)
==2047==    at 0x4848899: malloc (in /usr/libexec/valgrind/vgpreload_memcheck-amd64-linux.so)
==2044==    by 0x158157: execute_command (in /usr/bin/bash)
==2047==    by 0x159BF3: ??? (in /usr/bin/bash)
==2044==    by 0x15696D: execute_command_internal (in /usr/bin/bash)
==2047==    by 0x160497: ??? (in /usr/bin/bash)
==2044==    by 0x158157: execute_command (in /usr/bin/bash)
==2047==    by 0x1613A0: ??? (in /usr/bin/bash)
==2044==    by 0x155C69: execute_command_internal (in /usr/bin/bash)
==2047==    by 0x165D00: initialize_shell_variables (in /usr/bin/bash)
==2044== 
==2047==    by 0x13CB63: ??? (in /usr/bin/bash)
==2044== 40 bytes in 1 blocks are still reachable in loss record 273 of 384
==2047==    by 0x139F34: main (in /usr/bin/bash)
==2044==    at 0x4848899: malloc (in /usr/libexec/valgrind/vgpreload_memcheck-amd64-linux.so)
==2047== 
==2044==    by 0x191D64: array_create (in /usr/bin/bash)
==2044==    by 0x191FD8: array_copy (in /usr/bin/bash)
==2047== 13 bytes in 1 blocks are still reachable in loss record 101 of 381
==2044==    by 0x13F0C0: save_parser_state (in /usr/bin/bash)
==2047==    at 0x4848899: malloc (in /usr/libexec/valgrind/vgpreload_memcheck-amd64-linux.so)
==2044==    by 0x13F74E: xparse_dolparen (in /usr/bin/bash)
==2047==    by 0x1604BB: ??? (in /usr/bin/bash)
==2044==    by 0x1801F3: ??? (in /usr/bin/bash)
==2047==    by 0x1613A0: ??? (in /usr/bin/bash)
==2044==    by 0x189C57: ??? (in /usr/bin/bash)
==2047==    by 0x165D00: initialize_shell_variables (in /usr/bin/bash)
==2044==    by 0x18B176: ??? (in /usr/bin/bash)
==2047==    by 0x13CB63: ??? (in /usr/bin/bash)
==2044==    by 0x1746F6: expand_string_assignment (in /usr/bin/bash)
==2047==    by 0x139F34: main (in /usr/bin/bash)
==2044==    by 0x214D75: ??? (in /usr/bin/bash)
==2047== 
==2044==    by 0x1AABDE: do_redirections (in /usr/bin/bash)
==2047== 13 bytes in 1 blocks are still reachable in loss record 102 of 381
==2044==    by 0x154580: ??? (in /usr/bin/bash)
==2047==    at 0x4848899: malloc (in /usr/libexec/valgrind/vgpreload_memcheck-amd64-linux.so)
==2047==    by 0x159BF3: ??? (in /usr/bin/bash)
==2047==    by 0x160497: ??? (in /usr/bin/bash)
==2044== 
==2047==    by 0x1613A0: ??? (in /usr/bin/bash)
==2047==    by 0x165DEA: initialize_shell_variables (in /usr/bin/bash)
==2044== 41 bytes in 1 blocks are still reachable in loss record 274 of 384
==2047==    by 0x13CB63: ??? (in /usr/bin/bash)
==2044==    at 0x4848899: malloc (in /usr/libexec/valgrind/vgpreload_memcheck-amd64-linux.so)
==2047==    by 0x139F34: main (in /usr/bin/bash)
==2044==    by 0x48D0E4C: _nl_make_l10nflist (l10nflist.c:166)
==2047== 
==2044==    by 0x48D118F: _nl_make_l10nflist (l10nflist.c:295)
==2047== 13 bytes in 1 blocks are still reachable in loss record 103 of 381
==2044==    by 0x48D1211: _nl_make_l10nflist (l10nflist.c:285)
==2047==    at 0x4848899: malloc (in /usr/libexec/valgrind/vgpreload_memcheck-amd64-linux.so)
==2044==    by 0x48D1211: _nl_make_l10nflist (l10nflist.c:285)
==2047==    by 0x1604BB: ??? (in /usr/bin/bash)
==2044==    by 0x48CA747: _nl_find_locale (findlocale.c:214)
==2047==    by 0x1613A0: ??? (in /usr/bin/bash)
==2044==    by 0x48C9856: setlocale (setlocale.c:337)
==2047==    by 0x165DEA: initialize_shell_variables (in /usr/bin/bash)
==2044==    by 0x48C9856: setlocale (setlocale.c:217)
==2047==    by 0x13CB63: ??? (in /usr/bin/bash)
==2044==    by 0x1A8D7B: set_default_locale (in /usr/bin/bash)
==2047==    by 0x139F34: main (in /usr/bin/bash)
==2044==    by 0x1393B6: main (in /usr/bin/bash)
==2047== 
==2044== 
==2047== 13 bytes in 1 blocks are still reachable in loss record 104 of 381
==2044== 41 bytes in 1 blocks are still reachable in loss record 275 of 384
==2047==    at 0x4848899: malloc (in /usr/libexec/valgrind/vgpreload_memcheck-amd64-linux.so)
==2044==    at 0x4848899: malloc (in /usr/libexec/valgrind/vgpreload_memcheck-amd64-linux.so)
==2047==    by 0x159BF3: ??? (in /usr/bin/bash)
==2044==    by 0x160E54: make_variable_value (in /usr/bin/bash)
==2047==    by 0x160497: ??? (in /usr/bin/bash)
==2044==    by 0x1613B1: ??? (in /usr/bin/bash)
==2047==    by 0x1664C9: initialize_shell_variables (in /usr/bin/bash)
==2044==    by 0x1BF6D4: set_shellopts (in /usr/bin/bash)
==2047==    by 0x13CB63: ??? (in /usr/bin/bash)
==2044==    by 0x13CAEF: ??? (in /usr/bin/bash)
==2047==    by 0x139F34: main (in /usr/bin/bash)
==2044==    by 0x139F34: main (in /usr/bin/bash)
==2047== 
==2044== 
==2047== 13 bytes in 1 blocks are still reachable in loss record 105 of 381
==2044== 48 bytes in 1 blocks are still reachable in loss record 276 of 384
==2047==    at 0x4848899: malloc (in /usr/libexec/valgrind/vgpreload_memcheck-amd64-linux.so)
==2044==    at 0x4848899: malloc (in /usr/libexec/valgrind/vgpreload_memcheck-amd64-linux.so)
==2047==    by 0x1604BB: ??? (in /usr/bin/bash)
==2044==    by 0x159BD7: ??? (in /usr/bin/bash)
==2047==    by 0x1664C9: initialize_shell_variables (in /usr/bin/bash)
==2044==    by 0x160497: ??? (in /usr/bin/bash)
==2047==    by 0x13CB63: ??? (in /usr/bin/bash)
==2044==    by 0x1613A0: ??? (in /usr/bin/bash)
==2047==    by 0x139F34: main (in /usr/bin/bash)
==2044==    by 0x1657C0: initialize_shell_variables (in /usr/bin/bash)
==2047== 
==2044==    by 0x13CB63: ??? (in /usr/bin/bash)
==2047== 13 bytes in 1 blocks are still reachable in loss record 106 of 381
==2044==    by 0x139F34: main (in /usr/bin/bash)
==2047==    at 0x4848899: malloc (in /usr/libexec/valgrind/vgpreload_memcheck-amd64-linux.so)
==2044== 
==2047==    by 0x178165: ??? (in /usr/bin/bash)
==2044== 48 bytes in 1 blocks are still reachable in loss record 277 of 384
==2047==    by 0x189DC4: ??? (in /usr/bin/bash)
==2044==    at 0x4848899: malloc (in /usr/libexec/valgrind/vgpreload_memcheck-amd64-linux.so)
==2047==    by 0x1746F6: expand_string_assignment (in /usr/bin/bash)
==2044==    by 0x159BD7: ??? (in /usr/bin/bash)
==2047==    by 0x214D75: ??? (in /usr/bin/bash)
==2044==    by 0x160497: ??? (in /usr/bin/bash)
==2047==    by 0x1AABDE: do_redirections (in /usr/bin/bash)
==2044==    by 0x1613A0: ??? (in /usr/bin/bash)
==2047==    by 0x154580: ??? (in /usr/bin/bash)
==2044==    by 0x1657D5: initialize_shell_variables (in /usr/bin/bash)
==2047==    by 0x155AFC: execute_command_internal (in /usr/bin/bash)
==2044==    by 0x13CB63: ??? (in /usr/bin/bash)
==2047==    by 0x1569B1: execute_command_internal (in /usr/bin/bash)
==2044==    by 0x139F34: main (in /usr/bin/bash)
==2047==    by 0x158157: execute_command (in /usr/bin/bash)
==2044== 
==2047==    by 0x155C69: execute_command_internal (in /usr/bin/bash)
==2044== 48 bytes in 1 blocks are still reachable in loss record 278 of 384
==2047==    by 0x158157: execute_command (in /usr/bin/bash)
==2044==    at 0x4848899: malloc (in /usr/libexec/valgrind/vgpreload_memcheck-amd64-linux.so)
==2047== 
==2044==    by 0x159BD7: ??? (in /usr/bin/bash)
==2047== 14 bytes in 1 blocks are still reachable in loss record 107 of 381
==2044==    by 0x160497: ??? (in /usr/bin/bash)
==2047==    at 0x4848899: malloc (in /usr/libexec/valgrind/vgpreload_memcheck-amd64-linux.so)
==2044==    by 0x1613A0: ??? (in /usr/bin/bash)
==2047==    by 0x159BF3: ??? (in /usr/bin/bash)
==2044==    by 0x16580A: initialize_shell_variables (in /usr/bin/bash)
==2047==    by 0x160497: ??? (in /usr/bin/bash)
==2044==    by 0x13CB63: ??? (in /usr/bin/bash)
==2047==    by 0x1659A5: initialize_shell_variables (in /usr/bin/bash)
==2044==    by 0x139F34: main (in /usr/bin/bash)
==2047==    by 0x13CB63: ??? (in /usr/bin/bash)
==2044== 
==2047==    by 0x139F34: main (in /usr/bin/bash)
==2044== 48 bytes in 1 blocks are still reachable in loss record 279 of 384
==2047== 
==2044==    at 0x4848899: malloc (in /usr/libexec/valgrind/vgpreload_memcheck-amd64-linux.so)
==2047== 14 bytes in 1 blocks are still reachable in loss record 108 of 381
==2044==    by 0x159BD7: ??? (in /usr/bin/bash)
==2047==    at 0x4848899: malloc (in /usr/libexec/valgrind/vgpreload_memcheck-amd64-linux.so)
==2044==    by 0x160497: ??? (in /usr/bin/bash)
==2047==    by 0x1604BB: ??? (in /usr/bin/bash)
==2044==    by 0x1613A0: ??? (in /usr/bin/bash)
==2047==    by 0x1659A5: initialize_shell_variables (in /usr/bin/bash)
==2044==    by 0x165819: initialize_shell_variables (in /usr/bin/bash)
==2047==    by 0x13CB63: ??? (in /usr/bin/bash)
==2044==    by 0x13CB63: ??? (in /usr/bin/bash)
==2047==    by 0x139F34: main (in /usr/bin/bash)
==2044==    by 0x139F34: main (in /usr/bin/bash)
==2047== 
==2044== 
==2047== 14 bytes in 1 blocks are still reachable in loss record 109 of 381
==2044== 48 bytes in 1 blocks are still reachable in loss record 280 of 384
==2047==    at 0x4848899: malloc (in /usr/libexec/valgrind/vgpreload_memcheck-amd64-linux.so)
==2044==    at 0x4848899: malloc (in /usr/libexec/valgrind/vgpreload_memcheck-amd64-linux.so)
==2047==    by 0x159BF3: ??? (in /usr/bin/bash)
==2044==    by 0x159BD7: ??? (in /usr/bin/bash)
==2047==    by 0x160497: ??? (in /usr/bin/bash)
==2044==    by 0x160497: ??? (in /usr/bin/bash)
==2047==    by 0x1613A0: ??? (in /usr/bin/bash)
==2044==    by 0x1613A0: ??? (in /usr/bin/bash)
==2047==    by 0x165D23: initialize_shell_variables (in /usr/bin/bash)
==2044==    by 0x16582F: initialize_shell_variables (in /usr/bin/bash)
==2047==    by 0x13CB63: ??? (in /usr/bin/bash)
==2044==    by 0x13CB63: ??? (in /usr/bin/bash)
==2047==    by 0x139F34: main (in /usr/bin/bash)
==2044==    by 0x139F34: main (in /usr/bin/bash)
==2047== 
==2044== 
==2047== 14 bytes in 1 blocks are still reachable in loss record 110 of 381
==2044== 48 bytes in 1 blocks are still reachable in loss record 281 of 384
==2047==    at 0x4848899: malloc (in /usr/libexec/valgrind/vgpreload_memcheck-amd64-linux.so)
==2044==    at 0x4848899: malloc (in /usr/libexec/valgrind/vgpreload_memcheck-amd64-linux.so)
==2047==    by 0x1604BB: ??? (in /usr/bin/bash)
==2044==    by 0x159BD7: ??? (in /usr/bin/bash)
==2047==    by 0x1613A0: ??? (in /usr/bin/bash)
==2044==    by 0x160497: ??? (in /usr/bin/bash)
==2047==    by 0x165D23: initialize_shell_variables (in /usr/bin/bash)
==2044==    by 0x1613A0: ??? (in /usr/bin/bash)
==2047==    by 0x13CB63: ??? (in /usr/bin/bash)
==2044==    by 0x162401: set_ppid (in /usr/bin/bash)
==2047==    by 0x139F34: main (in /usr/bin/bash)
==2044==    by 0x165858: initialize_shell_variables (in /usr/bin/bash)
==2047== 
==2044==    by 0x13CB63: ??? (in /usr/bin/bash)
==2047== 14 bytes in 1 blocks are still reachable in loss record 111 of 381
==2044==    by 0x139F34: main (in /usr/bin/bash)
==2047==    at 0x4848899: malloc (in /usr/libexec/valgrind/vgpreload_memcheck-amd64-linux.so)
==2044== 
==2047==    by 0x159BF3: ??? (in /usr/bin/bash)
==2044== 48 bytes in 1 blocks are still reachable in loss record 282 of 384
==2047==    by 0x160497: ??? (in /usr/bin/bash)
==2044==    at 0x4848899: malloc (in /usr/libexec/valgrind/vgpreload_memcheck-amd64-linux.so)
==2047==    by 0x1613A0: ??? (in /usr/bin/bash)
==2044==    by 0x159BD7: ??? (in /usr/bin/bash)
==2047==    by 0x165E10: initialize_shell_variables (in /usr/bin/bash)
==2044==    by 0x160497: ??? (in /usr/bin/bash)
==2047==    by 0x13CB63: ??? (in /usr/bin/bash)
==2044==    by 0x1613A0: ??? (in /usr/bin/bash)
==2047==    by 0x139F34: main (in /usr/bin/bash)
==2044==    by 0x16588B: initialize_shell_variables (in /usr/bin/bash)
==2047== 
==2044==    by 0x13CB63: ??? (in /usr/bin/bash)
==2047== 14 bytes in 1 blocks are still reachable in loss record 112 of 381
==2044==    by 0x139F34: main (in /usr/bin/bash)
==2047==    at 0x4848899: malloc (in /usr/libexec/valgrind/vgpreload_memcheck-amd64-linux.so)
==2044== 
==2047==    by 0x1604BB: ??? (in /usr/bin/bash)
==2044== 48 bytes in 1 blocks are still reachable in loss record 283 of 384
==2047==    by 0x1613A0: ??? (in /usr/bin/bash)
==2044==    at 0x4848899: malloc (in /usr/libexec/valgrind/vgpreload_memcheck-amd64-linux.so)
==2047==    by 0x165E10: initialize_shell_variables (in /usr/bin/bash)
==2044==    by 0x159BD7: ??? (in /usr/bin/bash)
==2047==    by 0x13CB63: ??? (in /usr/bin/bash)
==2044==    by 0x160497: ??? (in /usr/bin/bash)
==2047==    by 0x139F34: main (in /usr/bin/bash)
==2044==    by 0x1613A0: ??? (in /usr/bin/bash)
==2047== 
==2044==    by 0x1658BA: initialize_shell_variables (in /usr/bin/bash)
==2047== 14 bytes in 1 blocks are still reachable in loss record 113 of 381
==2044==    by 0x13CB63: ??? (in /usr/bin/bash)
==2047==    at 0x4848899: malloc (in /usr/libexec/valgrind/vgpreload_memcheck-amd64-linux.so)
==2044==    by 0x139F34: main (in /usr/bin/bash)
==2047==    by 0x159BF3: ??? (in /usr/bin/bash)
==2044== 
==2047==    by 0x160497: ??? (in /usr/bin/bash)
==2044== 48 bytes in 1 blocks are still reachable in loss record 284 of 384
==2047==    by 0x197857: find_or_make_array_variable (in /usr/bin/bash)
==2044==    at 0x4848899: malloc (in /usr/libexec/valgrind/vgpreload_memcheck-amd64-linux.so)
==2047==    by 0x198D43: assign_array_from_string (in /usr/bin/bash)
==2044==    by 0x159BD7: ??? (in /usr/bin/bash)
==2047==    by 0x17AFC1: ??? (in /usr/bin/bash)
==2044==    by 0x160497: ??? (in /usr/bin/bash)
==2047==    by 0x190848: ??? (in /usr/bin/bash)
==2044==    by 0x1613A0: ??? (in /usr/bin/bash)
==2047==    by 0x153F3E: ??? (in /usr/bin/bash)
==2044==    by 0x16593C: initialize_shell_variables (in /usr/bin/bash)
==2047==    by 0x155AFC: execute_command_internal (in /usr/bin/bash)
==2044==    by 0x13CB63: ??? (in /usr/bin/bash)
==2047==    by 0x158157: execute_command (in /usr/bin/bash)
==2044==    by 0x139F34: main (in /usr/bin/bash)
==2047==    by 0x14938A: reader_loop (in /usr/bin/bash)
==2044== 
==2047==    by 0x13AC05: main (in /usr/bin/bash)
==2044== 48 bytes in 1 blocks are still reachable in loss record 285 of 384
==2047== 
==2044==    at 0x4848899: malloc (in /usr/libexec/valgrind/vgpreload_memcheck-amd64-linux.so)
==2047== 14 bytes in 1 blocks are still reachable in loss record 114 of 381
==2044==    by 0x159BD7: ??? (in /usr/bin/bash)
==2047==    at 0x4848899: malloc (in /usr/libexec/valgrind/vgpreload_memcheck-amd64-linux.so)
==2044==    by 0x160497: ??? (in /usr/bin/bash)
==2047==    by 0x1604BB: ??? (in /usr/bin/bash)
==2044==    by 0x1613A0: ??? (in /usr/bin/bash)
==2047==    by 0x197857: find_or_make_array_variable (in /usr/bin/bash)
==2044==    by 0x165981: initialize_shell_variables (in /usr/bin/bash)
==2047==    by 0x198D43: assign_array_from_string (in /usr/bin/bash)
==2044==    by 0x13CB63: ??? (in /usr/bin/bash)
==2047==    by 0x17AFC1: ??? (in /usr/bin/bash)
==2044==    by 0x139F34: main (in /usr/bin/bash)
==2047==    by 0x190848: ??? (in /usr/bin/bash)
==2044== 
==2047==    by 0x153F3E: ??? (in /usr/bin/bash)
==2044== 48 bytes in 1 blocks are still reachable in loss record 286 of 384
==2047==    by 0x155AFC: execute_command_internal (in /usr/bin/bash)
==2044==    at 0x4848899: malloc (in /usr/libexec/valgrind/vgpreload_memcheck-amd64-linux.so)
==2047==    by 0x158157: execute_command (in /usr/bin/bash)
==2044==    by 0x159BD7: ??? (in /usr/bin/bash)
==2047==    by 0x14938A: reader_loop (in /usr/bin/bash)
==2044==    by 0x160497: ??? (in /usr/bin/bash)
==2047==    by 0x13AC05: main (in /usr/bin/bash)
==2044==    by 0x1659A5: initialize_shell_variables (in /usr/bin/bash)
==2047== 
==2044==    by 0x13CB63: ??? (in /usr/bin/bash)
==2047== 14 bytes in 1 blocks are still reachable in loss record 115 of 381
==2044==    by 0x139F34: main (in /usr/bin/bash)
==2047==    at 0x4848899: malloc (in /usr/libexec/valgrind/vgpreload_memcheck-amd64-linux.so)
==2044== 
==2047==    by 0x1746C9: expand_string_assignment (in /usr/bin/bash)
==2044== 48 bytes in 1 blocks are still reachable in loss record 287 of 384
==2047==    by 0x214D75: ??? (in /usr/bin/bash)
==2044==    at 0x4848899: malloc (in /usr/libexec/valgrind/vgpreload_memcheck-amd64-linux.so)
==2047==    by 0x1AABDE: do_redirections (in /usr/bin/bash)
==2044==    by 0x159BD7: ??? (in /usr/bin/bash)
==2047==    by 0x154580: ??? (in /usr/bin/bash)
==2044==    by 0x160497: ??? (in /usr/bin/bash)
==2047==    by 0x155AFC: execute_command_internal (in /usr/bin/bash)
==2044==    by 0x1613A0: ??? (in /usr/bin/bash)
==2047==    by 0x1569B1: execute_command_internal (in /usr/bin/bash)
==2044==    by 0x1667A7: initialize_shell_variables (in /usr/bin/bash)
==2047==    by 0x158157: execute_command (in /usr/bin/bash)
==2044==    by 0x13CB63: ??? (in /usr/bin/bash)
==2047==    by 0x155C69: execute_command_internal (in /usr/bin/bash)
==2044==    by 0x139F34: main (in /usr/bin/bash)
==2047==    by 0x158157: execute_command (in /usr/bin/bash)
==2044== 
==2047==    by 0x155C69: execute_command_internal (in /usr/bin/bash)
==2044== 48 bytes in 1 blocks are still reachable in loss record 288 of 384
==2047==    by 0x158157: execute_command (in /usr/bin/bash)
==2044==    at 0x4848899: malloc (in /usr/libexec/valgrind/vgpreload_memcheck-amd64-linux.so)
==2047== 
==2044==    by 0x159BD7: ??? (in /usr/bin/bash)
==2047== 16 bytes in 1 blocks are still reachable in loss record 116 of 381
==2044==    by 0x160497: ??? (in /usr/bin/bash)
==2047==    at 0x4848899: malloc (in /usr/libexec/valgrind/vgpreload_memcheck-amd64-linux.so)
==2044==    by 0x1613A0: ??? (in /usr/bin/bash)
==2047==    by 0x1A84CC: xmalloc (in /usr/bin/bash)
==2044==    by 0x166794: initialize_shell_variables (in /usr/bin/bash)
==2047==    by 0x13CBF6: ??? (in /usr/bin/bash)
==2044==    by 0x13CB63: ??? (in /usr/bin/bash)
==2047==    by 0x139F34: main (in /usr/bin/bash)
==2044==    by 0x139F34: main (in /usr/bin/bash)
==2047== 
==2044== 
==2047== 16 bytes in 1 blocks are still reachable in loss record 117 of 381
==2044== 48 bytes in 1 blocks are still reachable in loss record 289 of 384
==2047==    at 0x4848899: malloc (in /usr/libexec/valgrind/vgpreload_memcheck-amd64-linux.so)
==2044==    at 0x4848899: malloc (in /usr/libexec/valgrind/vgpreload_memcheck-amd64-linux.so)
==2047==    by 0x14BD91: ??? (in /usr/bin/bash)
==2044==    by 0x159BD7: ??? (in /usr/bin/bash)
==2047==    by 0x13CA95: ??? (in /usr/bin/bash)
==2044==    by 0x160497: ??? (in /usr/bin/bash)
==2047==    by 0x139F34: main (in /usr/bin/bash)
==2044==    by 0x1613A0: ??? (in /usr/bin/bash)
==2047== 
==2044==    by 0x165CAD: initialize_shell_variables (in /usr/bin/bash)
==2047== 16 bytes in 1 blocks are still reachable in loss record 118 of 381
==2044==    by 0x13CB63: ??? (in /usr/bin/bash)
==2047==    at 0x4848899: malloc (in /usr/libexec/valgrind/vgpreload_memcheck-amd64-linux.so)
==2044==    by 0x139F34: main (in /usr/bin/bash)
==2047==    by 0x14BDF6: ??? (in /usr/bin/bash)
==2044== 
==2047==    by 0x13CA95: ??? (in /usr/bin/bash)
==2044== 48 bytes in 1 blocks are still reachable in loss record 290 of 384
==2047==    by 0x139F34: main (in /usr/bin/bash)
==2044==    at 0x4848899: malloc (in /usr/libexec/valgrind/vgpreload_memcheck-amd64-linux.so)
==2047== 
==2044==    by 0x159BD7: ??? (in /usr/bin/bash)
==2047== 16 bytes in 1 blocks are still reachable in loss record 119 of 381
==2044==    by 0x160497: ??? (in /usr/bin/bash)
==2047==    at 0x4848899: malloc (in /usr/libexec/valgrind/vgpreload_memcheck-amd64-linux.so)
==2044==    by 0x1613A0: ??? (in /usr/bin/bash)
==2047==    by 0x187117: hash_create (in /usr/bin/bash)
==2044==    by 0x165CDA: initialize_shell_variables (in /usr/bin/bash)
==2047==    by 0x15D254: ??? (in /usr/bin/bash)
==2044==    by 0x13CB63: ??? (in /usr/bin/bash)
==2047==    by 0x165700: initialize_shell_variables (in /usr/bin/bash)
==2044==    by 0x139F34: main (in /usr/bin/bash)
==2047==    by 0x13CB63: ??? (in /usr/bin/bash)
==2044== 
==2047==    by 0x139F34: main (in /usr/bin/bash)
==2044== 48 bytes in 1 blocks are still reachable in loss record 291 of 384
==2047== 
==2044==    at 0x4848899: malloc (in /usr/libexec/valgrind/vgpreload_memcheck-amd64-linux.so)
==2047== 16 bytes in 1 blocks are still reachable in loss record 120 of 381
==2044==    by 0x159BD7: ??? (in /usr/bin/bash)
==2047==    at 0x4848899: malloc (in /usr/libexec/valgrind/vgpreload_memcheck-amd64-linux.so)
==2044==    by 0x160497: ??? (in /usr/bin/bash)
==2047==    by 0x187117: hash_create (in /usr/bin/bash)
==2044==    by 0x1613A0: ??? (in /usr/bin/bash)
==2047==    by 0x15D279: ??? (in /usr/bin/bash)
==2044==    by 0x165D00: initialize_shell_variables (in /usr/bin/bash)
==2047==    by 0x165700: initialize_shell_variables (in /usr/bin/bash)
==2044==    by 0x13CB63: ??? (in /usr/bin/bash)
==2047==    by 0x13CB63: ??? (in /usr/bin/bash)
==2044==    by 0x139F34: main (in /usr/bin/bash)
==2047==    by 0x139F34: main (in /usr/bin/bash)
==2044== 
==2047== 
==2044== 48 bytes in 1 blocks are still reachable in loss record 292 of 384
==2047== 16 bytes in 1 blocks are still reachable in loss record 121 of 381
==2044==    at 0x4848899: malloc (in /usr/libexec/valgrind/vgpreload_memcheck-amd64-linux.so)
==2047==    at 0x4848899: malloc (in /usr/libexec/valgrind/vgpreload_memcheck-amd64-linux.so)
==2044==    by 0x159BD7: ??? (in /usr/bin/bash)
==2047==    by 0x187117: hash_create (in /usr/bin/bash)
==2044==    by 0x160497: ??? (in /usr/bin/bash)
==2047==    by 0x15D297: ??? (in /usr/bin/bash)
==2044==    by 0x1613A0: ??? (in /usr/bin/bash)
==2047==    by 0x165700: initialize_shell_variables (in /usr/bin/bash)
==2044==    by 0x165D23: initialize_shell_variables (in /usr/bin/bash)
==2047==    by 0x13CB63: ??? (in /usr/bin/bash)
==2044==    by 0x13CB63: ??? (in /usr/bin/bash)
==2047==    by 0x139F34: main (in /usr/bin/bash)
==2044==    by 0x139F34: main (in /usr/bin/bash)
==2047== 
==2044== 
==2047== 16 bytes in 1 blocks are still reachable in loss record 122 of 381
==2044== 48 bytes in 1 blocks are still reachable in loss record 293 of 384
==2047==    at 0x4848899: malloc (in /usr/libexec/valgrind/vgpreload_memcheck-amd64-linux.so)
==2044==    at 0x4848899: malloc (in /usr/libexec/valgrind/vgpreload_memcheck-amd64-linux.so)
==2047==    by 0x160E54: make_variable_value (in /usr/bin/bash)
==2044==    by 0x159BD7: ??? (in /usr/bin/bash)
==2047==    by 0x1613B1: ??? (in /usr/bin/bash)
==2044==    by 0x160497: ??? (in /usr/bin/bash)
==2047==    by 0x16582F: initialize_shell_variables (in /usr/bin/bash)
==2044==    by 0x1613A0: ??? (in /usr/bin/bash)
==2047==    by 0x13CB63: ??? (in /usr/bin/bash)
==2044==    by 0x165D49: initialize_shell_variables (in /usr/bin/bash)
==2047==    by 0x139F34: main (in /usr/bin/bash)
==2044==    by 0x13CB63: ??? (in /usr/bin/bash)
==2047== 
==2044==    by 0x139F34: main (in /usr/bin/bash)
==2047== 16 bytes in 1 blocks are still reachable in loss record 123 of 381
==2044== 
==2047==    at 0x4848899: malloc (in /usr/libexec/valgrind/vgpreload_memcheck-amd64-linux.so)
==2044== 48 bytes in 1 blocks are still reachable in loss record 294 of 384
==2047==    by 0x159BF3: ??? (in /usr/bin/bash)
==2044==    at 0x4848899: malloc (in /usr/libexec/valgrind/vgpreload_memcheck-amd64-linux.so)
==2047==    by 0x160497: ??? (in /usr/bin/bash)
==2044==    by 0x159BD7: ??? (in /usr/bin/bash)
==2047==    by 0x1613A0: ??? (in /usr/bin/bash)
==2044==    by 0x160497: ??? (in /usr/bin/bash)
==2047==    by 0x165E5D: initialize_shell_variables (in /usr/bin/bash)
==2044==    by 0x1613A0: ??? (in /usr/bin/bash)
==2047==    by 0x13CB63: ??? (in /usr/bin/bash)
==2044==    by 0x165D73: initialize_shell_variables (in /usr/bin/bash)
==2047==    by 0x139F34: main (in /usr/bin/bash)
==2044==    by 0x13CB63: ??? (in /usr/bin/bash)
==2047== 
==2044==    by 0x139F34: main (in /usr/bin/bash)
==2047== 16 bytes in 1 blocks are still reachable in loss record 124 of 381
==2044== 
==2047==    at 0x4848899: malloc (in /usr/libexec/valgrind/vgpreload_memcheck-amd64-linux.so)
==2044== 48 bytes in 1 blocks are still reachable in loss record 295 of 384
==2047==    by 0x1604BB: ??? (in /usr/bin/bash)
==2044==    at 0x4848899: malloc (in /usr/libexec/valgrind/vgpreload_memcheck-amd64-linux.so)
==2047==    by 0x1613A0: ??? (in /usr/bin/bash)
==2044==    by 0x159BD7: ??? (in /usr/bin/bash)
==2047==    by 0x165E5D: initialize_shell_variables (in /usr/bin/bash)
==2044==    by 0x160497: ??? (in /usr/bin/bash)
==2047==    by 0x13CB63: ??? (in /usr/bin/bash)
==2044==    by 0x1613A0: ??? (in /usr/bin/bash)
==2047==    by 0x139F34: main (in /usr/bin/bash)
==2044==    by 0x165D9A: initialize_shell_variables (in /usr/bin/bash)
==2047== 
==2044==    by 0x13CB63: ??? (in /usr/bin/bash)
==2047== 16 bytes in 1 blocks are still reachable in loss record 125 of 381
==2044==    by 0x139F34: main (in /usr/bin/bash)
==2047==    at 0x4848899: malloc (in /usr/libexec/valgrind/vgpreload_memcheck-amd64-linux.so)
==2044== 
==2047==    by 0x187117: hash_create (in /usr/bin/bash)
==2044== 48 bytes in 1 blocks are still reachable in loss record 296 of 384
==2047==    by 0x166519: initialize_shell_variables (in /usr/bin/bash)
==2044==    at 0x4848899: malloc (in /usr/libexec/valgrind/vgpreload_memcheck-amd64-linux.so)
==2047==    by 0x13CB63: ??? (in /usr/bin/bash)
==2044==    by 0x159BD7: ??? (in /usr/bin/bash)
==2047==    by 0x139F34: main (in /usr/bin/bash)
==2044==    by 0x160497: ??? (in /usr/bin/bash)
==2047== 
==2044==    by 0x1613A0: ??? (in /usr/bin/bash)
==2047== 16 bytes in 1 blocks are still reachable in loss record 126 of 381
==2044==    by 0x165DC7: initialize_shell_variables (in /usr/bin/bash)
==2047==    at 0x4848899: malloc (in /usr/libexec/valgrind/vgpreload_memcheck-amd64-linux.so)
==2044==    by 0x13CB63: ??? (in /usr/bin/bash)
==2047==    by 0x187117: hash_create (in /usr/bin/bash)
==2044==    by 0x139F34: main (in /usr/bin/bash)
==2047==    by 0x1664D6: initialize_shell_variables (in /usr/bin/bash)
==2044== 
==2047==    by 0x13CB63: ??? (in /usr/bin/bash)
==2044== 48 bytes in 1 blocks are still reachable in loss record 297 of 384
==2047==    by 0x139F34: main (in /usr/bin/bash)
==2044==    at 0x4848899: malloc (in /usr/libexec/valgrind/vgpreload_memcheck-amd64-linux.so)
==2047== 
==2044==    by 0x159BD7: ??? (in /usr/bin/bash)
==2047== 16 bytes in 1 blocks are still reachable in loss record 127 of 381
==2044==    by 0x160497: ??? (in /usr/bin/bash)
==2047==    at 0x4848899: malloc (in /usr/libexec/valgrind/vgpreload_memcheck-amd64-linux.so)
==2044==    by 0x1613A0: ??? (in /usr/bin/bash)
==2047==    by 0x1580B8: execute_command (in /usr/bin/bash)
==2044==    by 0x165DEA: initialize_shell_variables (in /usr/bin/bash)
==2047==    by 0x14938A: reader_loop (in /usr/bin/bash)
==2044==    by 0x13CB63: ??? (in /usr/bin/bash)
==2047==    by 0x13AC05: main (in /usr/bin/bash)
==2044==    by 0x139F34: main (in /usr/bin/bash)
==2047== 
==2044== 
==2047== 16 bytes in 1 blocks are still reachable in loss record 128 of 381
==2044== 48 bytes in 1 blocks are still reachable in loss record 298 of 384
==2047==    at 0x4848899: malloc (in /usr/libexec/valgrind/vgpreload_memcheck-amd64-linux.so)
==2044==    at 0x4848899: malloc (in /usr/libexec/valgrind/vgpreload_memcheck-amd64-linux.so)
==2047==    by 0x14C061: make_bare_word (in /usr/bin/bash)
==2044==    by 0x159BD7: ??? (in /usr/bin/bash)
==2047==    by 0x169597: copy_word_list (in /usr/bin/bash)
==2044==    by 0x160497: ??? (in /usr/bin/bash)
==2047==    by 0x18FC10: ??? (in /usr/bin/bash)
==2044==    by 0x1613A0: ??? (in /usr/bin/bash)
==2047==    by 0x153F3E: ??? (in /usr/bin/bash)
==2044==    by 0x165E10: initialize_shell_variables (in /usr/bin/bash)
==2047==    by 0x155AFC: execute_command_internal (in /usr/bin/bash)
==2044==    by 0x13CB63: ??? (in /usr/bin/bash)
==2047==    by 0x158157: execute_command (in /usr/bin/bash)
==2044==    by 0x139F34: main (in /usr/bin/bash)
==2047==    by 0x14938A: reader_loop (in /usr/bin/bash)
==2044== 
==2047==    by 0x13AC05: main (in /usr/bin/bash)
==2044== 48 bytes in 1 blocks are still reachable in loss record 299 of 384
==2047== 
==2044==    at 0x4848899: malloc (in /usr/libexec/valgrind/vgpreload_memcheck-amd64-linux.so)
==2047== 16 bytes in 1 blocks are still reachable in loss record 129 of 381
==2044==    by 0x159BD7: ??? (in /usr/bin/bash)
==2047==    at 0x4848899: malloc (in /usr/libexec/valgrind/vgpreload_memcheck-amd64-linux.so)
==2044==    by 0x160497: ??? (in /usr/bin/bash)
==2047==    by 0x169609: copy_word_list (in /usr/bin/bash)
==2044==    by 0x1613A0: ??? (in /usr/bin/bash)
==2047==    by 0x18FC10: ??? (in /usr/bin/bash)
==2044==    by 0x165E36: initialize_shell_variables (in /usr/bin/bash)
==2047==    by 0x153F3E: ??? (in /usr/bin/bash)
==2044==    by 0x13CB63: ??? (in /usr/bin/bash)
==2047==    by 0x155AFC: execute_command_internal (in /usr/bin/bash)
==2044==    by 0x139F34: main (in /usr/bin/bash)
==2047==    by 0x158157: execute_command (in /usr/bin/bash)
==2044== 
==2047==    by 0x14938A: reader_loop (in /usr/bin/bash)
==2044== 48 bytes in 1 blocks are still reachable in loss record 300 of 384
==2047==    by 0x13AC05: main (in /usr/bin/bash)
==2044==    at 0x4848899: malloc (in /usr/libexec/valgrind/vgpreload_memcheck-amd64-linux.so)
==2047== 
==2044==    by 0x159BD7: ??? (in /usr/bin/bash)
==2047== 16 bytes in 1 blocks are still reachable in loss record 130 of 381
==2044==    by 0x160497: ??? (in /usr/bin/bash)
==2047==    at 0x4848899: malloc (in /usr/libexec/valgrind/vgpreload_memcheck-amd64-linux.so)
==2044==    by 0x1613A0: ??? (in /usr/bin/bash)
==2047==    by 0x14BF7D: alloc_word_desc (in /usr/bin/bash)
==2044==    by 0x165E5D: initialize_shell_variables (in /usr/bin/bash)
==2047==    by 0x1441A9: ??? (in /usr/bin/bash)
==2044==    by 0x13CB63: ??? (in /usr/bin/bash)
==2047==    by 0x145BC2: yyparse (in /usr/bin/bash)
==2044==    by 0x139F34: main (in /usr/bin/bash)
==2047==    by 0x148DF9: parse_command (in /usr/bin/bash)
==2044== 
==2047==    by 0x1B7B04: parse_string (in /usr/bin/bash)
==2044== 48 bytes in 1 blocks are still reachable in loss record 301 of 384
==2047==    by 0x13F7B2: xparse_dolparen (in /usr/bin/bash)
==2044==    at 0x4848899: malloc (in /usr/libexec/valgrind/vgpreload_memcheck-amd64-linux.so)
==2047==    by 0x1801F3: ??? (in /usr/bin/bash)
==2044==    by 0x159BD7: ??? (in /usr/bin/bash)
==2047==    by 0x189C57: ??? (in /usr/bin/bash)
==2044==    by 0x160497: ??? (in /usr/bin/bash)
==2047==    by 0x1746F6: expand_string_assignment (in /usr/bin/bash)
==2044==    by 0x166685: initialize_shell_variables (in /usr/bin/bash)
==2047==    by 0x17AB95: ??? (in /usr/bin/bash)
==2044==    by 0x13CB63: ??? (in /usr/bin/bash)
==2047==    by 0x17B1E5: ??? (in /usr/bin/bash)
==2044==    by 0x139F34: main (in /usr/bin/bash)
==2047== 
==2044== 
==2047== 16 bytes in 1 blocks are still reachable in loss record 131 of 381
==2044== 48 bytes in 1 blocks are still reachable in loss record 302 of 384
==2047==    at 0x4848899: malloc (in /usr/libexec/valgrind/vgpreload_memcheck-amd64-linux.so)
==2044==    at 0x4848899: malloc (in /usr/libexec/valgrind/vgpreload_memcheck-amd64-linux.so)
==2047==    by 0x14BF7D: alloc_word_desc (in /usr/bin/bash)
==2044==    by 0x159BD7: ??? (in /usr/bin/bash)
==2047==    by 0x14382C: ??? (in /usr/bin/bash)
==2044==    by 0x160497: ??? (in /usr/bin/bash)
==2047==    by 0x145BC2: yyparse (in /usr/bin/bash)
==2044==    by 0x166647: initialize_shell_variables (in /usr/bin/bash)
==2047==    by 0x148DF9: parse_command (in /usr/bin/bash)
==2044==    by 0x13CB63: ??? (in /usr/bin/bash)
==2047==    by 0x1B7B04: parse_string (in /usr/bin/bash)
==2044==    by 0x139F34: main (in /usr/bin/bash)
==2047==    by 0x13F7B2: xparse_dolparen (in /usr/bin/bash)
==2044== 
==2047==    by 0x1801F3: ??? (in /usr/bin/bash)
==2044== 48 bytes in 1 blocks are still reachable in loss record 303 of 384
==2047==    by 0x189C57: ??? (in /usr/bin/bash)
==2044==    at 0x4848899: malloc (in /usr/libexec/valgrind/vgpreload_memcheck-amd64-linux.so)
==2047==    by 0x1746F6: expand_string_assignment (in /usr/bin/bash)
==2044==    by 0x159BD7: ??? (in /usr/bin/bash)
==2047==    by 0x17AB95: ??? (in /usr/bin/bash)
==2044==    by 0x160497: ??? (in /usr/bin/bash)
==2047==    by 0x17B1E5: ??? (in /usr/bin/bash)
==2044==    by 0x166609: initialize_shell_variables (in /usr/bin/bash)
==2047== 
==2044==    by 0x13CB63: ??? (in /usr/bin/bash)
==2047== 16 bytes in 1 blocks are still reachable in loss record 132 of 381
==2044==    by 0x139F34: main (in /usr/bin/bash)
==2047==    at 0x4848899: malloc (in /usr/libexec/valgrind/vgpreload_memcheck-amd64-linux.so)
==2044== 
==2047==    by 0x14C2B9: make_word_list (in /usr/bin/bash)
==2044== 48 bytes in 1 blocks are still reachable in loss record 304 of 384
==2047==    by 0x18B3E4: ??? (in /usr/bin/bash)
==2044==    at 0x4848899: malloc (in /usr/libexec/valgrind/vgpreload_memcheck-amd64-linux.so)
==2047==    by 0x1746F6: expand_string_assignment (in /usr/bin/bash)
==2044==    by 0x159BD7: ??? (in /usr/bin/bash)
==2047==    by 0x17AB95: ??? (in /usr/bin/bash)
==2044==    by 0x160497: ??? (in /usr/bin/bash)
==2047==    by 0x17B1E5: ??? (in /usr/bin/bash)
==2044==    by 0x1665CB: initialize_shell_variables (in /usr/bin/bash)
==2047==    by 0x190848: ??? (in /usr/bin/bash)
==2044==    by 0x13CB63: ??? (in /usr/bin/bash)
==2047==    by 0x153F3E: ??? (in /usr/bin/bash)
==2044==    by 0x139F34: main (in /usr/bin/bash)
==2047==    by 0x155AFC: execute_command_internal (in /usr/bin/bash)
==2044== 
==2047==    by 0x158157: execute_command (in /usr/bin/bash)
==2044== 48 bytes in 1 blocks are still reachable in loss record 305 of 384
==2047==    by 0x14938A: reader_loop (in /usr/bin/bash)
==2044==    at 0x4848899: malloc (in /usr/libexec/valgrind/vgpreload_memcheck-amd64-linux.so)
==2047==    by 0x13AC05: main (in /usr/bin/bash)
==2044==    by 0x159BD7: ??? (in /usr/bin/bash)
==2047== 
==2044==    by 0x160497: ??? (in /usr/bin/bash)
==2047== 16 bytes in 1 blocks are still reachable in loss record 133 of 381
==2044==    by 0x16658D: initialize_shell_variables (in /usr/bin/bash)
==2047==    at 0x4848899: malloc (in /usr/libexec/valgrind/vgpreload_memcheck-amd64-linux.so)
==2044==    by 0x13CB63: ??? (in /usr/bin/bash)
==2047==    by 0x14C061: make_bare_word (in /usr/bin/bash)
==2044==    by 0x139F34: main (in /usr/bin/bash)
==2047==    by 0x169597: copy_word_list (in /usr/bin/bash)
==2044== 
==2047==    by 0x18FC10: ??? (in /usr/bin/bash)
==2044== 48 bytes in 1 blocks are still reachable in loss record 306 of 384
==2047==    by 0x153494: ??? (in /usr/bin/bash)
==2044==    at 0x4848899: malloc (in /usr/libexec/valgrind/vgpreload_memcheck-amd64-linux.so)
==2047==    by 0x155AFC: execute_command_internal (in /usr/bin/bash)
==2044==    by 0x159BD7: ??? (in /usr/bin/bash)
==2047==    by 0x158157: execute_command (in /usr/bin/bash)
==2044==    by 0x160497: ??? (in /usr/bin/bash)
==2047==    by 0x155C24: execute_command_internal (in /usr/bin/bash)
==2044==    by 0x16654F: initialize_shell_variables (in /usr/bin/bash)
==2047==    by 0x158157: execute_command (in /usr/bin/bash)
==2044==    by 0x13CB63: ??? (in /usr/bin/bash)
==2047==    by 0x14938A: reader_loop (in /usr/bin/bash)
==2044==    by 0x139F34: main (in /usr/bin/bash)
==2047==    by 0x13AC05: main (in /usr/bin/bash)
==2044== 
==2047== 
==2044== 48 bytes in 1 blocks are still reachable in loss record 307 of 384
==2047== 16 bytes in 1 blocks are still reachable in loss record 134 of 381
==2044==    at 0x4848899: malloc (in /usr/libexec/valgrind/vgpreload_memcheck-amd64-linux.so)
==2047==    at 0x4848899: malloc (in /usr/libexec/valgrind/vgpreload_memcheck-amd64-linux.so)
==2044==    by 0x159BD7: ??? (in /usr/bin/bash)
==2047==    by 0x169609: copy_word_list (in /usr/bin/bash)
==2044==    by 0x160497: ??? (in /usr/bin/bash)
==2047==    by 0x18FC10: ??? (in /usr/bin/bash)
==2044==    by 0x16650C: initialize_shell_variables (in /usr/bin/bash)
==2047==    by 0x153494: ??? (in /usr/bin/bash)
==2044==    by 0x13CB63: ??? (in /usr/bin/bash)
==2047==    by 0x155AFC: execute_command_internal (in /usr/bin/bash)
==2044==    by 0x139F34: main (in /usr/bin/bash)
==2047==    by 0x158157: execute_command (in /usr/bin/bash)
==2044== 
==2047==    by 0x155C24: execute_command_internal (in /usr/bin/bash)
==2044== 48 bytes in 1 blocks are still reachable in loss record 308 of 384
==2047==    by 0x158157: execute_command (in /usr/bin/bash)
==2044==    at 0x4848899: malloc (in /usr/libexec/valgrind/vgpreload_memcheck-amd64-linux.so)
==2047==    by 0x14938A: reader_loop (in /usr/bin/bash)
==2044==    by 0x159BD7: ??? (in /usr/bin/bash)
==2047==    by 0x13AC05: main (in /usr/bin/bash)
==2044==    by 0x160497: ??? (in /usr/bin/bash)
==2047== 
==2044==    by 0x1664C9: initialize_shell_variables (in /usr/bin/bash)
==2047== 16 bytes in 1 blocks are still reachable in loss record 135 of 381
==2044==    by 0x13CB63: ??? (in /usr/bin/bash)
==2047==    at 0x4848899: malloc (in /usr/libexec/valgrind/vgpreload_memcheck-amd64-linux.so)
==2044==    by 0x139F34: main (in /usr/bin/bash)
==2047==    by 0x14BF7D: alloc_word_desc (in /usr/bin/bash)
==2044== 
==2047==    by 0x18B0E4: ??? (in /usr/bin/bash)
==2044== 48 bytes in 1 blocks are still reachable in loss record 309 of 384
==2047==    by 0x18FCF8: ??? (in /usr/bin/bash)
==2044==    at 0x4848899: malloc (in /usr/libexec/valgrind/vgpreload_memcheck-amd64-linux.so)
==2047==    by 0x153494: ??? (in /usr/bin/bash)
==2044==    by 0x159BD7: ??? (in /usr/bin/bash)
==2047==    by 0x155AFC: execute_command_internal (in /usr/bin/bash)
==2044==    by 0x160497: ??? (in /usr/bin/bash)
==2047==    by 0x158157: execute_command (in /usr/bin/bash)
==2044==    by 0x16648B: initialize_shell_variables (in /usr/bin/bash)
==2047==    by 0x155C24: execute_command_internal (in /usr/bin/bash)
==2044==    by 0x13CB63: ??? (in /usr/bin/bash)
==2047==    by 0x158157: execute_command (in /usr/bin/bash)
==2044==    by 0x139F34: main (in /usr/bin/bash)
==2047==    by 0x14938A: reader_loop (in /usr/bin/bash)
==2044== 
==2047==    by 0x13AC05: main (in /usr/bin/bash)
==2044== 48 bytes in 1 blocks are still reachable in loss record 310 of 384
==2047== 
==2044==    at 0x4848899: malloc (in /usr/libexec/valgrind/vgpreload_memcheck-amd64-linux.so)
==2047== 16 bytes in 1 blocks are still reachable in loss record 136 of 381
==2044==    by 0x159BD7: ??? (in /usr/bin/bash)
==2047==    at 0x4848899: malloc (in /usr/libexec/valgrind/vgpreload_memcheck-amd64-linux.so)
==2044==    by 0x160497: ??? (in /usr/bin/bash)
==2047==    by 0x14BF7D: alloc_word_desc (in /usr/bin/bash)
==2044==    by 0x1613A0: ??? (in /usr/bin/bash)
==2047==    by 0x17FF40: ??? (in /usr/bin/bash)
==2044==    by 0x1BF6D4: set_shellopts (in /usr/bin/bash)
==2047==    by 0x189C57: ??? (in /usr/bin/bash)
==2044==    by 0x13CAEF: ??? (in /usr/bin/bash)
==2047==    by 0x18B176: ??? (in /usr/bin/bash)
==2044==    by 0x139F34: main (in /usr/bin/bash)
==2047==    by 0x18FCF8: ??? (in /usr/bin/bash)
==2044== 
==2047==    by 0x153494: ??? (in /usr/bin/bash)
==2044== 48 bytes in 1 blocks are still reachable in loss record 311 of 384
==2047==    by 0x155AFC: execute_command_internal (in /usr/bin/bash)
==2044==    at 0x4848899: malloc (in /usr/libexec/valgrind/vgpreload_memcheck-amd64-linux.so)
==2047==    by 0x158157: execute_command (in /usr/bin/bash)
==2044==    by 0x159BD7: ??? (in /usr/bin/bash)
==2047==    by 0x155C24: execute_command_internal (in /usr/bin/bash)
==2044==    by 0x160497: ??? (in /usr/bin/bash)
==2047==    by 0x158157: execute_command (in /usr/bin/bash)
==2044==    by 0x1613A0: ??? (in /usr/bin/bash)
==2047==    by 0x14938A: reader_loop (in /usr/bin/bash)
==2044==    by 0x1CC994: set_bashopts (in /usr/bin/bash)
==2047== 
==2044==    by 0x13CB09: ??? (in /usr/bin/bash)
==2047== 16 bytes in 1 blocks are still reachable in loss record 137 of 381
==2044==    by 0x139F34: main (in /usr/bin/bash)
==2047==    at 0x4848899: malloc (in /usr/libexec/valgrind/vgpreload_memcheck-amd64-linux.so)
==2044== 
==2047==    by 0x14C2B9: make_word_list (in /usr/bin/bash)
==2044== 48 bytes in 1 blocks are still reachable in loss record 312 of 384
==2047==    by 0x18B3E4: ??? (in /usr/bin/bash)
==2044==    at 0x4848899: malloc (in /usr/libexec/valgrind/vgpreload_memcheck-amd64-linux.so)
==2047==    by 0x18B176: ??? (in /usr/bin/bash)
==2044==    by 0x1885D8: fd_to_buffered_stream (in /usr/bin/bash)
==2047==    by 0x18FCF8: ??? (in /usr/bin/bash)
==2044==    by 0x18F8A4: with_input_from_buffered_stream (in /usr/bin/bash)
==2047==    by 0x153494: ??? (in /usr/bin/bash)
==2044==    by 0x13AA52: main (in /usr/bin/bash)
==2047==    by 0x155AFC: execute_command_internal (in /usr/bin/bash)
==2044== 
==2047==    by 0x158157: execute_command (in /usr/bin/bash)
==2044== 48 bytes in 1 blocks are still reachable in loss record 313 of 384
==2047==    by 0x155C24: execute_command_internal (in /usr/bin/bash)
==2044==    at 0x4848899: malloc (in /usr/libexec/valgrind/vgpreload_memcheck-amd64-linux.so)
==2047==    by 0x158157: execute_command (in /usr/bin/bash)
==2044==    by 0x159BD7: ??? (in /usr/bin/bash)
==2047==    by 0x14938A: reader_loop (in /usr/bin/bash)
==2044==    by 0x160497: ??? (in /usr/bin/bash)
==2047==    by 0x13AC05: main (in /usr/bin/bash)
==2044==    by 0x168CB5: set_pipestatus_array (in /usr/bin/bash)
==2047== 
==2044==    by 0x154383: ??? (in /usr/bin/bash)
==2047== 16 bytes in 1 blocks are still reachable in loss record 138 of 381
==2044==    by 0x155AFC: execute_command_internal (in /usr/bin/bash)
==2047==    at 0x4848899: malloc (in /usr/libexec/valgrind/vgpreload_memcheck-amd64-linux.so)
==2044==    by 0x158157: execute_command (in /usr/bin/bash)
==2047==    by 0x1580B8: execute_command (in /usr/bin/bash)
==2044==    by 0x14938A: reader_loop (in /usr/bin/bash)
==2047==    by 0x155C69: execute_command_internal (in /usr/bin/bash)
==2044==    by 0x13AC05: main (in /usr/bin/bash)
==2047==    by 0x158157: execute_command (in /usr/bin/bash)
==2044== 
==2047==    by 0x14938A: reader_loop (in /usr/bin/bash)
==2044== 48 bytes in 1 blocks are still reachable in loss record 314 of 384
==2047==    by 0x13AC05: main (in /usr/bin/bash)
==2044==    at 0x4848899: malloc (in /usr/libexec/valgrind/vgpreload_memcheck-amd64-linux.so)
==2047== 
==2044==    by 0x159BD7: ??? (in /usr/bin/bash)
==2047== 16 bytes in 1 blocks are still reachable in loss record 139 of 381
==2044==    by 0x160497: ??? (in /usr/bin/bash)
==2047==    at 0x4848899: malloc (in /usr/libexec/valgrind/vgpreload_memcheck-amd64-linux.so)
==2044==    by 0x197857: find_or_make_array_variable (in /usr/bin/bash)
==2047==    by 0x1580B8: execute_command (in /usr/bin/bash)
==2044==    by 0x198D43: assign_array_from_string (in /usr/bin/bash)
==2047==    by 0x155C69: execute_command_internal (in /usr/bin/bash)
==2044==    by 0x17AFC1: ??? (in /usr/bin/bash)
==2047==    by 0x158157: execute_command (in /usr/bin/bash)
==2044==    by 0x190848: ??? (in /usr/bin/bash)
==2047==    by 0x155C69: execute_command_internal (in /usr/bin/bash)
==2044==    by 0x153F3E: ??? (in /usr/bin/bash)
==2047==    by 0x158157: execute_command (in /usr/bin/bash)
==2044==    by 0x155AFC: execute_command_internal (in /usr/bin/bash)
==2047==    by 0x14938A: reader_loop (in /usr/bin/bash)
==2044==    by 0x158157: execute_command (in /usr/bin/bash)
==2047==    by 0x13AC05: main (in /usr/bin/bash)
==2044==    by 0x14938A: reader_loop (in /usr/bin/bash)
==2047== 
==2044==    by 0x13AC05: main (in /usr/bin/bash)
==2047== 16 bytes in 1 blocks are still reachable in loss record 140 of 381
==2044== 
==2047==    at 0x4848899: malloc (in /usr/libexec/valgrind/vgpreload_memcheck-amd64-linux.so)
==2044== 48 bytes in 1 blocks are still reachable in loss record 315 of 384
==2047==    by 0x14BF7D: alloc_word_desc (in /usr/bin/bash)
==2044==    at 0x4848899: malloc (in /usr/libexec/valgrind/vgpreload_memcheck-amd64-linux.so)
==2047==    by 0x18ABD0: ??? (in /usr/bin/bash)
==2044==    by 0x147B96: yyparse (in /usr/bin/bash)
==2047==    by 0x18FCF8: ??? (in /usr/bin/bash)
==2044==    by 0x148DF9: parse_command (in /usr/bin/bash)
==2047==    by 0x153F3E: ??? (in /usr/bin/bash)
==2044==    by 0x148FEC: read_command (in /usr/bin/bash)
==2047==    by 0x155AFC: execute_command_internal (in /usr/bin/bash)
==2044==    by 0x1492C5: reader_loop (in /usr/bin/bash)
==2047==    by 0x1569B1: execute_command_internal (in /usr/bin/bash)
==2044==    by 0x13AC05: main (in /usr/bin/bash)
==2047==    by 0x158157: execute_command (in /usr/bin/bash)
==2044== 
==2047==    by 0x155C69: execute_command_internal (in /usr/bin/bash)
==2044== 48 bytes in 1 blocks are still reachable in loss record 316 of 384
==2047==    by 0x158157: execute_command (in /usr/bin/bash)
==2044==    at 0x4848899: malloc (in /usr/libexec/valgrind/vgpreload_memcheck-amd64-linux.so)
==2047==    by 0x155C69: execute_command_internal (in /usr/bin/bash)
==2044==    by 0x159BD7: ??? (in /usr/bin/bash)
==2047==    by 0x158157: execute_command (in /usr/bin/bash)
==2044==    by 0x160497: ??? (in /usr/bin/bash)
==2047== 
==2044==    by 0x197857: find_or_make_array_variable (in /usr/bin/bash)
==2047== 16 bytes in 1 blocks are still reachable in loss record 141 of 381
==2044==    by 0x198D43: assign_array_from_string (in /usr/bin/bash)
==2047==    at 0x4848899: malloc (in /usr/libexec/valgrind/vgpreload_memcheck-amd64-linux.so)
==2044==    by 0x17AFC1: ??? (in /usr/bin/bash)
==2047==    by 0x14C2B9: make_word_list (in /usr/bin/bash)
==2044==    by 0x190848: ??? (in /usr/bin/bash)
==2047==    by 0x18B3E4: ??? (in /usr/bin/bash)
==2044==    by 0x153F3E: ??? (in /usr/bin/bash)
==2047==    by 0x18FCF8: ??? (in /usr/bin/bash)
==2044==    by 0x155AFC: execute_command_internal (in /usr/bin/bash)
==2047==    by 0x153F3E: ??? (in /usr/bin/bash)
==2044==    by 0x158157: execute_command (in /usr/bin/bash)
==2047==    by 0x155AFC: execute_command_internal (in /usr/bin/bash)
==2044==    by 0x15696D: execute_command_internal (in /usr/bin/bash)
==2047==    by 0x1569B1: execute_command_internal (in /usr/bin/bash)
==2044==    by 0x158157: execute_command (in /usr/bin/bash)
==2047==    by 0x158157: execute_command (in /usr/bin/bash)
==2044== 
==2047==    by 0x155C69: execute_command_internal (in /usr/bin/bash)
==2044== 48 bytes in 1 blocks are still reachable in loss record 317 of 384
==2047==    by 0x158157: execute_command (in /usr/bin/bash)
==2044==    at 0x4848899: malloc (in /usr/libexec/valgrind/vgpreload_memcheck-amd64-linux.so)
==2047==    by 0x155C69: execute_command_internal (in /usr/bin/bash)
==2044==    by 0x159BD7: ??? (in /usr/bin/bash)
==2047==    by 0x158157: execute_command (in /usr/bin/bash)
==2044==    by 0x160497: ??? (in /usr/bin/bash)
==2047== 
==2044==    by 0x164362: assign_in_env (in /usr/bin/bash)
==2047== 16 bytes in 1 blocks are still reachable in loss record 142 of 381
==2044==    by 0x1908F7: ??? (in /usr/bin/bash)
==2047==    at 0x4848899: malloc (in /usr/libexec/valgrind/vgpreload_memcheck-amd64-linux.so)
==2044==    by 0x153F3E: ??? (in /usr/bin/bash)
==2047==    by 0x187117: hash_create (in /usr/bin/bash)
==2044==    by 0x155AFC: execute_command_internal (in /usr/bin/bash)
==2047==    by 0x164399: assign_in_env (in /usr/bin/bash)
==2044==    by 0x1569B1: execute_command_internal (in /usr/bin/bash)
==2047==    by 0x1908F7: ??? (in /usr/bin/bash)
==2044==    by 0x158157: execute_command (in /usr/bin/bash)
==2047==    by 0x153F3E: ??? (in /usr/bin/bash)
==2044==    by 0x155C69: execute_command_internal (in /usr/bin/bash)
==2047==    by 0x155AFC: execute_command_internal (in /usr/bin/bash)
==2044==    by 0x158157: execute_command (in /usr/bin/bash)
==2047==    by 0x1569B1: execute_command_internal (in /usr/bin/bash)
==2044==    by 0x155C69: execute_command_internal (in /usr/bin/bash)
==2047==    by 0x158157: execute_command (in /usr/bin/bash)
==2044== 
==2047==    by 0x155C69: execute_command_internal (in /usr/bin/bash)
==2044== 48 bytes in 3 blocks are still reachable in loss record 318 of 384
==2047==    by 0x158157: execute_command (in /usr/bin/bash)
==2044==    at 0x4848899: malloc (in /usr/libexec/valgrind/vgpreload_memcheck-amd64-linux.so)
==2047==    by 0x155C69: execute_command_internal (in /usr/bin/bash)
==2044==    by 0x14C061: make_bare_word (in /usr/bin/bash)
==2047==    by 0x158157: execute_command (in /usr/bin/bash)
==2044==    by 0x169544: copy_word_list (in /usr/bin/bash)
==2047== 
==2044==    by 0x18FC10: ??? (in /usr/bin/bash)
==2047== 18 bytes in 1 blocks are still reachable in loss record 143 of 381
==2044==    by 0x153494: ??? (in /usr/bin/bash)
==2047==    at 0x4848899: malloc (in /usr/libexec/valgrind/vgpreload_memcheck-amd64-linux.so)
==2044==    by 0x155AFC: execute_command_internal (in /usr/bin/bash)
==2047==    by 0x160E54: make_variable_value (in /usr/bin/bash)
==2044==    by 0x158157: execute_command (in /usr/bin/bash)
==2047==    by 0x1613B1: ??? (in /usr/bin/bash)
==2044==    by 0x155C24: execute_command_internal (in /usr/bin/bash)
==2047==    by 0x165981: initialize_shell_variables (in /usr/bin/bash)
==2044==    by 0x158157: execute_command (in /usr/bin/bash)
==2047==    by 0x13CB63: ??? (in /usr/bin/bash)
==2044==    by 0x14938A: reader_loop (in /usr/bin/bash)
==2047==    by 0x139F34: main (in /usr/bin/bash)
==2044==    by 0x13AC05: main (in /usr/bin/bash)
==2047== 
==2044== 
==2047== 20 bytes in 1 blocks are still reachable in loss record 144 of 381
==2044== 51 bytes in 1 blocks are still reachable in loss record 319 of 384
==2047==    at 0x4848899: malloc (in /usr/libexec/valgrind/vgpreload_memcheck-amd64-linux.so)
==2044==    at 0x4848899: malloc (in /usr/libexec/valgrind/vgpreload_memcheck-amd64-linux.so)
