==2047==    by 0x160E54: make_variable_value (in /usr/bin/bash)
==2047==    by 0x1613B1: ??? (in /usr/bin/bash)
==2044==    by 0x1B2A09: ??? (in /usr/bin/bash)
==2047==    by 0x165819: initialize_shell_variables (in /usr/bin/bash)
==2044==    by 0x1B7975: parse_string (in /usr/bin/bash)
==2047==    by 0x13CB63: ??? (in /usr/bin/bash)
==2044==    by 0x13F7B2: xparse_dolparen (in /usr/bin/bash)
==2047==    by 0x139F34: main (in /usr/bin/bash)
==2044==    by 0x1801F3: ??? (in /usr/bin/bash)
==2047== 
==2044==    by 0x189C57: ??? (in /usr/bin/bash)
==2047== 20 bytes in 1 blocks are still reachable in loss record 145 of 381
==2044==    by 0x18B176: ??? (in /usr/bin/bash)
==2047==    at 0x4848899: malloc (in /usr/libexec/valgrind/vgpreload_memcheck-amd64-linux.so)
==2044==    by 0x1746F6: expand_string_assignment (in /usr/bin/bash)
==2047==    by 0x191E40: array_create_element (in /usr/bin/bash)
==2044==    by 0x214D75: ??? (in /usr/bin/bash)
==2047==    by 0x192487: array_insert (in /usr/bin/bash)
==2044==    by 0x1AABDE: do_redirections (in /usr/bin/bash)
==2047==    by 0x165A85: initialize_shell_variables (in /usr/bin/bash)
==2044==    by 0x154580: ??? (in /usr/bin/bash)
==2047==    by 0x13CB63: ??? (in /usr/bin/bash)
==2044==    by 0x155AFC: execute_command_internal (in /usr/bin/bash)
==2047==    by 0x139F34: main (in /usr/bin/bash)
==2044== 
==2047== 
==2044== 51 bytes in 11 blocks are still reachable in loss record 320 of 384
==2047== 24 bytes in 1 blocks are still reachable in loss record 146 of 381
==2044==    at 0x4848899: malloc (in /usr/libexec/valgrind/vgpreload_memcheck-amd64-linux.so)
==2047==    at 0x4848899: malloc (in /usr/libexec/valgrind/vgpreload_memcheck-amd64-linux.so)
==2044==    by 0x1441BC: ??? (in /usr/bin/bash)
==2047==    by 0x14BD57: ??? (in /usr/bin/bash)
==2044==    by 0x145BC2: yyparse (in /usr/bin/bash)
==2047==    by 0x13CA95: ??? (in /usr/bin/bash)
==2044==    by 0x148DF9: parse_command (in /usr/bin/bash)
==2047==    by 0x139F34: main (in /usr/bin/bash)
==2044==    by 0x148FEC: read_command (in /usr/bin/bash)
==2047== 
==2044==    by 0x1492C5: reader_loop (in /usr/bin/bash)
==2047== 24 bytes in 1 blocks are still reachable in loss record 147 of 381
==2044==    by 0x13AC05: main (in /usr/bin/bash)
==2047==    at 0x4848899: malloc (in /usr/libexec/valgrind/vgpreload_memcheck-amd64-linux.so)
==2044== 
==2047==    by 0x14BDC4: ??? (in /usr/bin/bash)
==2047==    by 0x13CA95: ??? (in /usr/bin/bash)
==2044== 52 bytes in 1 blocks are still reachable in loss record 321 of 384
==2047==    by 0x139F34: main (in /usr/bin/bash)
==2044==    at 0x4848899: malloc (in /usr/libexec/valgrind/vgpreload_memcheck-amd64-linux.so)
==2047== 
==2044==    by 0x48D0E4C: _nl_make_l10nflist (l10nflist.c:166)
==2047== 25 bytes in 4 blocks are still reachable in loss record 148 of 381
==2044==    by 0x48D118F: _nl_make_l10nflist (l10nflist.c:295)
==2047==    at 0x4848899: malloc (in /usr/libexec/valgrind/vgpreload_memcheck-amd64-linux.so)
==2044==    by 0x48CA747: _nl_find_locale (findlocale.c:214)
==2047==    by 0x173CD0: dequote_string (in /usr/bin/bash)
==2044==    by 0x48C9856: setlocale (setlocale.c:337)
==2047==    by 0x190987: ??? (in /usr/bin/bash)
==2044==    by 0x48C9856: setlocale (setlocale.c:217)
==2047==    by 0x153F3E: ??? (in /usr/bin/bash)
==2044==    by 0x1A8D7B: set_default_locale (in /usr/bin/bash)
==2047==    by 0x155AFC: execute_command_internal (in /usr/bin/bash)
==2044==    by 0x1393B6: main (in /usr/bin/bash)
==2047==    by 0x1569B1: execute_command_internal (in /usr/bin/bash)
==2044== 
==2047==    by 0x158157: execute_command (in /usr/bin/bash)
==2044== 52 bytes in 3 blocks are still reachable in loss record 322 of 384
==2047==    by 0x155C69: execute_command_internal (in /usr/bin/bash)
==2044==    at 0x4848899: malloc (in /usr/libexec/valgrind/vgpreload_memcheck-amd64-linux.so)
==2047==    by 0x158157: execute_command (in /usr/bin/bash)
==2044==    by 0x159BF3: ??? (in /usr/bin/bash)
==2047==    by 0x155C69: execute_command_internal (in /usr/bin/bash)
==2044==    by 0x160497: ??? (in /usr/bin/bash)
==2047==    by 0x158157: execute_command (in /usr/bin/bash)
==2047==    by 0x14938A: reader_loop (in /usr/bin/bash)
==2044==    by 0x1613A0: ??? (in /usr/bin/bash)
==2047== 
==2044==    by 0x17B04D: ??? (in /usr/bin/bash)
==2044==    by 0x190848: ??? (in /usr/bin/bash)
==2047== 29 bytes in 1 blocks are still reachable in loss record 149 of 381
==2044==    by 0x153F3E: ??? (in /usr/bin/bash)
==2047==    at 0x4848899: malloc (in /usr/libexec/valgrind/vgpreload_memcheck-amd64-linux.so)
==2044==    by 0x155AFC: execute_command_internal (in /usr/bin/bash)
==2047==    by 0x48CD5DE: set_binding_values.part.0 (bindtextdom.c:203)
==2044==    by 0x158157: execute_command (in /usr/bin/bash)
==2047==    by 0x48CD89B: set_binding_values (bindtextdom.c:322)
==2044==    by 0x14938A: reader_loop (in /usr/bin/bash)
==2047==    by 0x48CD89B: bindtextdomain (bindtextdom.c:320)
==2044==    by 0x13AC05: main (in /usr/bin/bash)
==2047==    by 0x1A8DCE: set_default_locale (in /usr/bin/bash)
==2044== 
==2047==    by 0x1393B6: main (in /usr/bin/bash)
==2044== 52 bytes in 3 blocks are still reachable in loss record 323 of 384
==2047== 
==2044==    at 0x4848899: malloc (in /usr/libexec/valgrind/vgpreload_memcheck-amd64-linux.so)
==2047== 32 bytes in 1 blocks are still reachable in loss record 150 of 381
==2044==    by 0x1604BB: ??? (in /usr/bin/bash)
==2047==    at 0x484DA83: calloc (in /usr/libexec/valgrind/vgpreload_memcheck-amd64-linux.so)
==2044==    by 0x1613A0: ??? (in /usr/bin/bash)
==2044==    by 0x17B04D: ??? (in /usr/bin/bash)
==2044==    by 0x190848: ??? (in /usr/bin/bash)
==2044==    by 0x153F3E: ??? (in /usr/bin/bash)
==2047==    by 0x4965C1F: __wcsmbs_load_conv (wcsmbsload.c:167)
==2044==    by 0x155AFC: execute_command_internal (in /usr/bin/bash)
==2044==    by 0x158157: execute_command (in /usr/bin/bash)
==2047==    by 0x48D8ED2: get_gconv_fcts (wcsmbsload.h:73)
==2044==    by 0x14938A: reader_loop (in /usr/bin/bash)
==2047==    by 0x48D8ED2: mblen (mblen.c:45)
==2044==    by 0x13AC05: main (in /usr/bin/bash)
==2047==    by 0x1A8DFB: set_default_locale (in /usr/bin/bash)
==2044== 
==2047==    by 0x1393B6: main (in /usr/bin/bash)
==2044== 56 bytes in 1 blocks are still reachable in loss record 324 of 384
==2047== 
==2044==    at 0x4848899: malloc (in /usr/libexec/valgrind/vgpreload_memcheck-amd64-linux.so)
==2047== 32 bytes in 1 blocks are still reachable in loss record 151 of 381
==2044==    by 0x48D0FDC: _nl_make_l10nflist (l10nflist.c:242)
==2047==    at 0x4848899: malloc (in /usr/libexec/valgrind/vgpreload_memcheck-amd64-linux.so)
==2044==    by 0x48D118F: _nl_make_l10nflist (l10nflist.c:295)
==2047==    by 0x18772B: hash_insert (in /usr/bin/bash)
==2044==    by 0x48D1211: _nl_make_l10nflist (l10nflist.c:285)
==2047==    by 0x1604DE: ??? (in /usr/bin/bash)
==2044==    by 0x48D1211: _nl_make_l10nflist (l10nflist.c:285)
==2047==    by 0x1613A0: ??? (in /usr/bin/bash)
==2044==    by 0x48CA747: _nl_find_locale (findlocale.c:214)
==2047==    by 0x1657C0: initialize_shell_variables (in /usr/bin/bash)
==2044==    by 0x48C9856: setlocale (setlocale.c:337)
==2047==    by 0x13CB63: ??? (in /usr/bin/bash)
==2044==    by 0x48C9856: setlocale (setlocale.c:217)
==2047==    by 0x139F34: main (in /usr/bin/bash)
==2044==    by 0x1A8D7B: set_default_locale (in /usr/bin/bash)
==2047== 
==2044==    by 0x1393B6: main (in /usr/bin/bash)
==2047== 32 bytes in 1 blocks are still reachable in loss record 152 of 381
==2044== 
==2047==    at 0x4848899: malloc (in /usr/libexec/valgrind/vgpreload_memcheck-amd64-linux.so)
==2044== 56 bytes in 7 blocks are still reachable in loss record 325 of 384
==2047==    by 0x18772B: hash_insert (in /usr/bin/bash)
==2044==    at 0x4848899: malloc (in /usr/libexec/valgrind/vgpreload_memcheck-amd64-linux.so)
==2047==    by 0x1604DE: ??? (in /usr/bin/bash)
==2044==    by 0x493B58E: strdup (strdup.c:42)
==2047==    by 0x1613A0: ??? (in /usr/bin/bash)
==2044==    by 0x48C9C84: setlocale (setlocale.c:366)
==2047==    by 0x1657D5: initialize_shell_variables (in /usr/bin/bash)
==2044==    by 0x48C9C84: setlocale (setlocale.c:217)
==2047==    by 0x13CB63: ??? (in /usr/bin/bash)
==2047==    by 0x139F34: main (in /usr/bin/bash)
==2044==    by 0x1A8D7B: set_default_locale (in /usr/bin/bash)
==2047== 
==2044==    by 0x1393B6: main (in /usr/bin/bash)
==2047== 32 bytes in 1 blocks are still reachable in loss record 153 of 381
==2044== 
==2047==    at 0x4848899: malloc (in /usr/libexec/valgrind/vgpreload_memcheck-amd64-linux.so)
==2044== 60 bytes in 1 blocks are still reachable in loss record 326 of 384
==2047==    by 0x18772B: hash_insert (in /usr/bin/bash)
==2044==    at 0x484DCD3: realloc (in /usr/libexec/valgrind/vgpreload_memcheck-amd64-linux.so)
==2047==    by 0x1604DE: ??? (in /usr/bin/bash)
==2044==    by 0x1409ED: ??? (in /usr/bin/bash)
==2047==    by 0x1613A0: ??? (in /usr/bin/bash)
==2044==    by 0x141F89: ??? (in /usr/bin/bash)
==2047==    by 0x16580A: initialize_shell_variables (in /usr/bin/bash)
==2044==    by 0x145BC2: yyparse (in /usr/bin/bash)
==2047==    by 0x13CB63: ??? (in /usr/bin/bash)
==2044==    by 0x148DF9: parse_command (in /usr/bin/bash)
==2047==    by 0x139F34: main (in /usr/bin/bash)
==2044==    by 0x148FEC: read_command (in /usr/bin/bash)
==2047== 
==2044==    by 0x1492C5: reader_loop (in /usr/bin/bash)
==2047== 32 bytes in 1 blocks are still reachable in loss record 154 of 381
==2044==    by 0x13AC05: main (in /usr/bin/bash)
==2047==    at 0x4848899: malloc (in /usr/libexec/valgrind/vgpreload_memcheck-amd64-linux.so)
==2044== 
==2047==    by 0x18772B: hash_insert (in /usr/bin/bash)
==2044== 64 bytes in 1 blocks are still reachable in loss record 327 of 384
==2047==    by 0x1604DE: ??? (in /usr/bin/bash)
==2044==    at 0x4848899: malloc (in /usr/libexec/valgrind/vgpreload_memcheck-amd64-linux.so)
==2047==    by 0x1613A0: ??? (in /usr/bin/bash)
==2044==    by 0x14A6A9: ??? (in /usr/bin/bash)
==2047==    by 0x165819: initialize_shell_variables (in /usr/bin/bash)
==2044==    by 0x150318: ??? (in /usr/bin/bash)
==2047==    by 0x13CB63: ??? (in /usr/bin/bash)
==2044==    by 0x15113B: print_simple_command (in /usr/bin/bash)
==2047==    by 0x139F34: main (in /usr/bin/bash)
==2044==    by 0x153115: ??? (in /usr/bin/bash)
==2047== 
==2044==    by 0x155AFC: execute_command_internal (in /usr/bin/bash)
==2047== 32 bytes in 1 blocks are still reachable in loss record 155 of 381
==2044==    by 0x158157: execute_command (in /usr/bin/bash)
==2047==    at 0x4848899: malloc (in /usr/libexec/valgrind/vgpreload_memcheck-amd64-linux.so)
==2044==    by 0x14938A: reader_loop (in /usr/bin/bash)
==2047==    by 0x18772B: hash_insert (in /usr/bin/bash)
==2044==    by 0x13AC05: main (in /usr/bin/bash)
==2047==    by 0x1604DE: ??? (in /usr/bin/bash)
==2044== 
==2047==    by 0x1613A0: ??? (in /usr/bin/bash)
==2044== 64 bytes in 2 blocks are still reachable in loss record 328 of 384
==2047==    by 0x16582F: initialize_shell_variables (in /usr/bin/bash)
==2044==    at 0x4848899: malloc (in /usr/libexec/valgrind/vgpreload_memcheck-amd64-linux.so)
==2047==    by 0x13CB63: ??? (in /usr/bin/bash)
==2044==    by 0x14C750: make_if_command (in /usr/bin/bash)
==2047==    by 0x139F34: main (in /usr/bin/bash)
==2044==    by 0x146209: yyparse (in /usr/bin/bash)
==2047== 
==2044==    by 0x148DF9: parse_command (in /usr/bin/bash)
==2047== 32 bytes in 1 blocks are still reachable in loss record 156 of 381
==2044==    by 0x148FEC: read_command (in /usr/bin/bash)
==2047==    at 0x4848899: malloc (in /usr/libexec/valgrind/vgpreload_memcheck-amd64-linux.so)
==2044==    by 0x1492C5: reader_loop (in /usr/bin/bash)
==2047==    by 0x18772B: hash_insert (in /usr/bin/bash)
==2044==    by 0x13AC05: main (in /usr/bin/bash)
==2047==    by 0x1604DE: ??? (in /usr/bin/bash)
==2044== 
==2047==    by 0x1613A0: ??? (in /usr/bin/bash)
==2044== 64 bytes in 2 blocks are still reachable in loss record 329 of 384
==2047==    by 0x162401: set_ppid (in /usr/bin/bash)
==2044==    at 0x4848899: malloc (in /usr/libexec/valgrind/vgpreload_memcheck-amd64-linux.so)
==2047==    by 0x165858: initialize_shell_variables (in /usr/bin/bash)
==2044==    by 0x14C774: make_if_command (in /usr/bin/bash)
==2047==    by 0x13CB63: ??? (in /usr/bin/bash)
==2047==    by 0x139F34: main (in /usr/bin/bash)
==2044==    by 0x146209: yyparse (in /usr/bin/bash)
==2047== 
==2044==    by 0x148DF9: parse_command (in /usr/bin/bash)
==2047== 32 bytes in 1 blocks are still reachable in loss record 157 of 381
==2044==    by 0x148FEC: read_command (in /usr/bin/bash)
==2047==    at 0x4848899: malloc (in /usr/libexec/valgrind/vgpreload_memcheck-amd64-linux.so)
==2044==    by 0x1492C5: reader_loop (in /usr/bin/bash)
==2047==    by 0x18772B: hash_insert (in /usr/bin/bash)
==2044==    by 0x13AC05: main (in /usr/bin/bash)
==2047==    by 0x1604DE: ??? (in /usr/bin/bash)
==2044== 
==2047==    by 0x1613A0: ??? (in /usr/bin/bash)
==2044== 64 bytes in 4 blocks are still reachable in loss record 330 of 384
==2047==    by 0x16588B: initialize_shell_variables (in /usr/bin/bash)
==2044==    at 0x4848899: malloc (in /usr/libexec/valgrind/vgpreload_memcheck-amd64-linux.so)
==2047==    by 0x13CB63: ??? (in /usr/bin/bash)
==2044==    by 0x14BF7D: alloc_word_desc (in /usr/bin/bash)
==2047==    by 0x139F34: main (in /usr/bin/bash)
==2044==    by 0x14382C: ??? (in /usr/bin/bash)
==2047== 
==2044==    by 0x145BC2: yyparse (in /usr/bin/bash)
==2047== 32 bytes in 1 blocks are still reachable in loss record 158 of 381
==2044==    by 0x148DF9: parse_command (in /usr/bin/bash)
==2047==    at 0x4848899: malloc (in /usr/libexec/valgrind/vgpreload_memcheck-amd64-linux.so)
==2044==    by 0x148FEC: read_command (in /usr/bin/bash)
==2047==    by 0x18772B: hash_insert (in /usr/bin/bash)
==2044==    by 0x1492C5: reader_loop (in /usr/bin/bash)
==2047==    by 0x1604DE: ??? (in /usr/bin/bash)
==2044==    by 0x13AC05: main (in /usr/bin/bash)
==2047==    by 0x1613A0: ??? (in /usr/bin/bash)
==2044== 
==2047==    by 0x1658BA: initialize_shell_variables (in /usr/bin/bash)
==2044== 64 bytes in 4 blocks are still reachable in loss record 331 of 384
==2047==    by 0x13CB63: ??? (in /usr/bin/bash)
==2044==    at 0x4848899: malloc (in /usr/libexec/valgrind/vgpreload_memcheck-amd64-linux.so)
==2047==    by 0x139F34: main (in /usr/bin/bash)
==2044==    by 0x14CBD9: make_simple_command (in /usr/bin/bash)
==2047== 
==2044==    by 0x1482DF: yyparse (in /usr/bin/bash)
==2047== 32 bytes in 1 blocks are still reachable in loss record 159 of 381
==2044==    by 0x148DF9: parse_command (in /usr/bin/bash)
==2047==    at 0x4848899: malloc (in /usr/libexec/valgrind/vgpreload_memcheck-amd64-linux.so)
==2044==    by 0x148FEC: read_command (in /usr/bin/bash)
==2047==    by 0x18772B: hash_insert (in /usr/bin/bash)
==2044==    by 0x1492C5: reader_loop (in /usr/bin/bash)
==2047==    by 0x1604DE: ??? (in /usr/bin/bash)
==2044==    by 0x13AC05: main (in /usr/bin/bash)
==2047==    by 0x1613A0: ??? (in /usr/bin/bash)
==2044== 
==2047==    by 0x16593C: initialize_shell_variables (in /usr/bin/bash)
==2044== 72 bytes in 1 blocks are still reachable in loss record 332 of 384
==2047==    by 0x13CB63: ??? (in /usr/bin/bash)
==2044==    at 0x4848899: malloc (in /usr/libexec/valgrind/vgpreload_memcheck-amd64-linux.so)
==2047==    by 0x139F34: main (in /usr/bin/bash)
==2044==    by 0x1B1458: set_working_directory (in /usr/bin/bash)
==2047== 
==2044==    by 0x16234C: set_pwd (in /usr/bin/bash)
==2047== 32 bytes in 1 blocks are still reachable in loss record 160 of 381
==2044==    by 0x16573E: initialize_shell_variables (in /usr/bin/bash)
==2047==    at 0x4848899: malloc (in /usr/libexec/valgrind/vgpreload_memcheck-amd64-linux.so)
==2044==    by 0x13CB63: ??? (in /usr/bin/bash)
==2047==    by 0x18772B: hash_insert (in /usr/bin/bash)
==2044==    by 0x139F34: main (in /usr/bin/bash)
==2047==    by 0x1604DE: ??? (in /usr/bin/bash)
==2044== 
==2047==    by 0x1613A0: ??? (in /usr/bin/bash)
==2044== 84 bytes in 1 blocks are still reachable in loss record 333 of 384
==2047==    by 0x165981: initialize_shell_variables (in /usr/bin/bash)
==2044==    at 0x4848899: malloc (in /usr/libexec/valgrind/vgpreload_memcheck-amd64-linux.so)
==2047==    by 0x13CB63: ??? (in /usr/bin/bash)
==2044==    by 0x1A84CC: xmalloc (in /usr/bin/bash)
==2047==    by 0x139F34: main (in /usr/bin/bash)
==2044==    by 0x13AD0F: main (in /usr/bin/bash)
==2047== 
==2044== 
==2047== 32 bytes in 1 blocks are still reachable in loss record 161 of 381
==2044== 84 bytes in 1 blocks are still reachable in loss record 334 of 384
==2047==    at 0x4848899: malloc (in /usr/libexec/valgrind/vgpreload_memcheck-amd64-linux.so)
==2044==    at 0x4848899: malloc (in /usr/libexec/valgrind/vgpreload_memcheck-amd64-linux.so)
==2047==    by 0x18772B: hash_insert (in /usr/bin/bash)
==2044==    by 0x191E40: array_create_element (in /usr/bin/bash)
==2047==    by 0x1604DE: ??? (in /usr/bin/bash)
==2044==    by 0x192312: array_rshift (in /usr/bin/bash)
==2047==    by 0x1659A5: initialize_shell_variables (in /usr/bin/bash)
==2044==    by 0x13A8FD: main (in /usr/bin/bash)
==2047==    by 0x13CB63: ??? (in /usr/bin/bash)
==2044== 
==2047==    by 0x139F34: main (in /usr/bin/bash)
==2044== 84 bytes in 1 blocks are still reachable in loss record 335 of 384
==2047== 
==2044==    at 0x4848899: malloc (in /usr/libexec/valgrind/vgpreload_memcheck-amd64-linux.so)
==2047== 32 bytes in 1 blocks are still reachable in loss record 162 of 381
==2044==    by 0x13B7C2: init_yy_io (in /usr/bin/bash)
==2047==    at 0x4848899: malloc (in /usr/libexec/valgrind/vgpreload_memcheck-amd64-linux.so)
==2044==    by 0x13B854: pop_stream (in /usr/bin/bash)
==2047==    by 0x191D99: array_create (in /usr/bin/bash)
==2044==    by 0x20EE00: ??? (in /usr/bin/bash)
==2047==    by 0x1659AD: initialize_shell_variables (in /usr/bin/bash)
==2044==    by 0x1B7A31: parse_string (in /usr/bin/bash)
==2047==    by 0x13CB63: ??? (in /usr/bin/bash)
==2044==    by 0x13F7B2: xparse_dolparen (in /usr/bin/bash)
==2047==    by 0x139F34: main (in /usr/bin/bash)
==2044==    by 0x1801F3: ??? (in /usr/bin/bash)
==2047== 
==2044==    by 0x189C57: ??? (in /usr/bin/bash)
==2047== 32 bytes in 1 blocks are still reachable in loss record 163 of 381
==2044==    by 0x18B176: ??? (in /usr/bin/bash)
==2047==    at 0x4848899: malloc (in /usr/libexec/valgrind/vgpreload_memcheck-amd64-linux.so)
==2044==    by 0x1746F6: expand_string_assignment (in /usr/bin/bash)
==2047==    by 0x191E1B: array_create_element (in /usr/bin/bash)
==2044==    by 0x214D75: ??? (in /usr/bin/bash)
==2047==    by 0x192487: array_insert (in /usr/bin/bash)
==2044==    by 0x1AABDE: do_redirections (in /usr/bin/bash)
==2047==    by 0x1659EF: initialize_shell_variables (in /usr/bin/bash)
==2044== 
==2047==    by 0x13CB63: ??? (in /usr/bin/bash)
==2044== 84 bytes in 12 blocks are still reachable in loss record 336 of 384
==2047==    by 0x139F34: main (in /usr/bin/bash)
==2044==    at 0x4848899: malloc (in /usr/libexec/valgrind/vgpreload_memcheck-amd64-linux.so)
==2047== 
==2044==    by 0x493B5CE: strndup (strndup.c:43)
==2047== 32 bytes in 1 blocks are still reachable in loss record 164 of 381
==2044==    by 0x48CA814: _nl_find_locale (findlocale.c:310)
==2047==    at 0x4848899: malloc (in /usr/libexec/valgrind/vgpreload_memcheck-amd64-linux.so)
==2044==    by 0x48C9856: setlocale (setlocale.c:337)
==2047==    by 0x191E1B: array_create_element (in /usr/bin/bash)
==2044==    by 0x48C9856: setlocale (setlocale.c:217)
==2047==    by 0x192487: array_insert (in /usr/bin/bash)
==2044==    by 0x1A8D7B: set_default_locale (in /usr/bin/bash)
==2047==    by 0x165A01: initialize_shell_variables (in /usr/bin/bash)
==2044==    by 0x1393B6: main (in /usr/bin/bash)
==2047==    by 0x13CB63: ??? (in /usr/bin/bash)
==2044== 
==2047==    by 0x139F34: main (in /usr/bin/bash)
==2044== 93 bytes in 2 blocks are still reachable in loss record 337 of 384
==2047== 
==2044==    at 0x4848899: malloc (in /usr/libexec/valgrind/vgpreload_memcheck-amd64-linux.so)
==2047== 32 bytes in 1 blocks are still reachable in loss record 165 of 381
==2044==    by 0x48D0E4C: _nl_make_l10nflist (l10nflist.c:166)
==2047==    at 0x4848899: malloc (in /usr/libexec/valgrind/vgpreload_memcheck-amd64-linux.so)
==2044==    by 0x48D118F: _nl_make_l10nflist (l10nflist.c:295)
==2047==    by 0x191E1B: array_create_element (in /usr/bin/bash)
==2044==    by 0x48D1211: _nl_make_l10nflist (l10nflist.c:285)
==2047==    by 0x192487: array_insert (in /usr/bin/bash)
==2044==    by 0x48CA747: _nl_find_locale (findlocale.c:214)
==2047==    by 0x165A35: initialize_shell_variables (in /usr/bin/bash)
==2044==    by 0x48C9856: setlocale (setlocale.c:337)
==2047==    by 0x13CB63: ??? (in /usr/bin/bash)
==2044==    by 0x48C9856: setlocale (setlocale.c:217)
==2047==    by 0x139F34: main (in /usr/bin/bash)
==2044==    by 0x1A8D7B: set_default_locale (in /usr/bin/bash)
==2047== 
==2044==    by 0x1393B6: main (in /usr/bin/bash)
==2047== 32 bytes in 1 blocks are still reachable in loss record 166 of 381
==2044== 
==2047==    at 0x4848899: malloc (in /usr/libexec/valgrind/vgpreload_memcheck-amd64-linux.so)
==2044== 96 bytes in 3 blocks are still reachable in loss record 338 of 384
==2047==    by 0x191E1B: array_create_element (in /usr/bin/bash)
==2044==    at 0x4848899: malloc (in /usr/libexec/valgrind/vgpreload_memcheck-amd64-linux.so)
==2047==    by 0x192487: array_insert (in /usr/bin/bash)
==2044==    by 0x18772B: hash_insert (in /usr/bin/bash)
==2047==    by 0x165A61: initialize_shell_variables (in /usr/bin/bash)
==2044==    by 0x1604DE: ??? (in /usr/bin/bash)
==2047==    by 0x13CB63: ??? (in /usr/bin/bash)
==2044==    by 0x1613A0: ??? (in /usr/bin/bash)
==2047==    by 0x139F34: main (in /usr/bin/bash)
==2044==    by 0x17B04D: ??? (in /usr/bin/bash)
==2047== 
==2044==    by 0x190848: ??? (in /usr/bin/bash)
==2047== 32 bytes in 1 blocks are still reachable in loss record 167 of 381
==2044==    by 0x153F3E: ??? (in /usr/bin/bash)
==2047==    at 0x4848899: malloc (in /usr/libexec/valgrind/vgpreload_memcheck-amd64-linux.so)
==2044==    by 0x155AFC: execute_command_internal (in /usr/bin/bash)
==2047==    by 0x191E1B: array_create_element (in /usr/bin/bash)
==2044==    by 0x158157: execute_command (in /usr/bin/bash)
==2047==    by 0x192487: array_insert (in /usr/bin/bash)
==2044==    by 0x14938A: reader_loop (in /usr/bin/bash)
==2047==    by 0x165A75: initialize_shell_variables (in /usr/bin/bash)
==2044==    by 0x13AC05: main (in /usr/bin/bash)
==2047==    by 0x13CB63: ??? (in /usr/bin/bash)
==2044== 
==2047==    by 0x139F34: main (in /usr/bin/bash)
==2044== 96 bytes in 4 blocks are still reachable in loss record 339 of 384
==2047== 
==2044==    at 0x4848899: malloc (in /usr/libexec/valgrind/vgpreload_memcheck-amd64-linux.so)
==2047== 32 bytes in 1 blocks are still reachable in loss record 168 of 381
==2044==    by 0x14CC03: make_simple_command (in /usr/bin/bash)
==2047==    at 0x4848899: malloc (in /usr/libexec/valgrind/vgpreload_memcheck-amd64-linux.so)
==2044==    by 0x1482DF: yyparse (in /usr/bin/bash)
==2047==    by 0x191E1B: array_create_element (in /usr/bin/bash)
==2044==    by 0x148DF9: parse_command (in /usr/bin/bash)
==2047==    by 0x192487: array_insert (in /usr/bin/bash)
==2044==    by 0x148FEC: read_command (in /usr/bin/bash)
==2047==    by 0x165A85: initialize_shell_variables (in /usr/bin/bash)
==2044==    by 0x1492C5: reader_loop (in /usr/bin/bash)
==2047==    by 0x13CB63: ??? (in /usr/bin/bash)
==2044==    by 0x13AC05: main (in /usr/bin/bash)
==2047==    by 0x139F34: main (in /usr/bin/bash)
==2044== 
==2047== 
==2044== 104 bytes in 1 blocks are still reachable in loss record 340 of 384
==2047== 32 bytes in 1 blocks are still reachable in loss record 169 of 381
==2044==    at 0x4848899: malloc (in /usr/libexec/valgrind/vgpreload_memcheck-amd64-linux.so)
==2047==    at 0x4848899: malloc (in /usr/libexec/valgrind/vgpreload_memcheck-amd64-linux.so)
==2044==    by 0x48D0FDC: _nl_make_l10nflist (l10nflist.c:242)
==2047==    by 0x18772B: hash_insert (in /usr/bin/bash)
==2044==    by 0x48D118F: _nl_make_l10nflist (l10nflist.c:295)
==2047==    by 0x1604DE: ??? (in /usr/bin/bash)
==2044==    by 0x48CA747: _nl_find_locale (findlocale.c:214)
==2047==    by 0x1613A0: ??? (in /usr/bin/bash)
==2044==    by 0x48C9856: setlocale (setlocale.c:337)
==2047==    by 0x1667A7: initialize_shell_variables (in /usr/bin/bash)
==2044==    by 0x48C9856: setlocale (setlocale.c:217)
==2047==    by 0x13CB63: ??? (in /usr/bin/bash)
==2044==    by 0x1A8D7B: set_default_locale (in /usr/bin/bash)
==2047==    by 0x139F34: main (in /usr/bin/bash)
==2044==    by 0x1393B6: main (in /usr/bin/bash)
==2047== 
==2044== 
==2047== 32 bytes in 1 blocks are still reachable in loss record 170 of 381
==2044== 112 bytes in 1 blocks are still reachable in loss record 341 of 384
==2047==    at 0x4848899: malloc (in /usr/libexec/valgrind/vgpreload_memcheck-amd64-linux.so)
==2044==    at 0x4848899: malloc (in /usr/libexec/valgrind/vgpreload_memcheck-amd64-linux.so)
==2047==    by 0x18772B: hash_insert (in /usr/bin/bash)
==2044==    by 0x189A27: ??? (in /usr/bin/bash)
==2047==    by 0x1604DE: ??? (in /usr/bin/bash)
==2044==    by 0x1746F6: expand_string_assignment (in /usr/bin/bash)
==2047==    by 0x1613A0: ??? (in /usr/bin/bash)
==2044==    by 0x214D75: ??? (in /usr/bin/bash)
==2047==    by 0x166794: initialize_shell_variables (in /usr/bin/bash)
==2044==    by 0x1AABDE: do_redirections (in /usr/bin/bash)
==2047==    by 0x13CB63: ??? (in /usr/bin/bash)
==2044==    by 0x154580: ??? (in /usr/bin/bash)
==2047==    by 0x139F34: main (in /usr/bin/bash)
==2044==    by 0x155AFC: execute_command_internal (in /usr/bin/bash)
==2047== 
==2044==    by 0x1569B1: execute_command_internal (in /usr/bin/bash)
==2047== 32 bytes in 1 blocks are still reachable in loss record 171 of 381
==2044==    by 0x158157: execute_command (in /usr/bin/bash)
==2047==    at 0x4848899: malloc (in /usr/libexec/valgrind/vgpreload_memcheck-amd64-linux.so)
==2044==    by 0x155C69: execute_command_internal (in /usr/bin/bash)
==2047==    by 0x18772B: hash_insert (in /usr/bin/bash)
==2044==    by 0x158157: execute_command (in /usr/bin/bash)
==2047==    by 0x1604DE: ??? (in /usr/bin/bash)
==2044==    by 0x155C69: execute_command_internal (in /usr/bin/bash)
==2047==    by 0x1613A0: ??? (in /usr/bin/bash)
==2044== 
==2047==    by 0x165CAD: initialize_shell_variables (in /usr/bin/bash)
==2044== 112 bytes in 1 blocks are still reachable in loss record 342 of 384
==2047==    by 0x13CB63: ??? (in /usr/bin/bash)
==2044==    at 0x4848899: malloc (in /usr/libexec/valgrind/vgpreload_memcheck-amd64-linux.so)
==2047==    by 0x139F34: main (in /usr/bin/bash)
==2044==    by 0x189A27: ??? (in /usr/bin/bash)
==2047== 
==2044==    by 0x18B176: ??? (in /usr/bin/bash)
==2047== 32 bytes in 1 blocks are still reachable in loss record 172 of 381
==2044==    by 0x1746F6: expand_string_assignment (in /usr/bin/bash)
==2047==    at 0x4848899: malloc (in /usr/libexec/valgrind/vgpreload_memcheck-amd64-linux.so)
==2044==    by 0x214D75: ??? (in /usr/bin/bash)
==2047==    by 0x18772B: hash_insert (in /usr/bin/bash)
==2044==    by 0x1AABDE: do_redirections (in /usr/bin/bash)
==2047==    by 0x1604DE: ??? (in /usr/bin/bash)
==2044==    by 0x154580: ??? (in /usr/bin/bash)
==2047==    by 0x1613A0: ??? (in /usr/bin/bash)
==2044==    by 0x155AFC: execute_command_internal (in /usr/bin/bash)
==2047==    by 0x165CDA: initialize_shell_variables (in /usr/bin/bash)
==2044==    by 0x1569B1: execute_command_internal (in /usr/bin/bash)
==2047==    by 0x13CB63: ??? (in /usr/bin/bash)
==2044==    by 0x158157: execute_command (in /usr/bin/bash)
==2047==    by 0x139F34: main (in /usr/bin/bash)
==2044==    by 0x155C69: execute_command_internal (in /usr/bin/bash)
==2047== 
==2044==    by 0x158157: execute_command (in /usr/bin/bash)
==2047== 32 bytes in 1 blocks are still reachable in loss record 173 of 381
==2044== 
==2047==    at 0x4848899: malloc (in /usr/libexec/valgrind/vgpreload_memcheck-amd64-linux.so)
==2044== 128 bytes in 4 blocks are still reachable in loss record 343 of 384
==2047==    by 0x18772B: hash_insert (in /usr/bin/bash)
==2044==    at 0x4848899: malloc (in /usr/libexec/valgrind/vgpreload_memcheck-amd64-linux.so)
==2047==    by 0x1604DE: ??? (in /usr/bin/bash)
==2044==    by 0x14CBF1: make_simple_command (in /usr/bin/bash)
==2047==    by 0x1613A0: ??? (in /usr/bin/bash)
==2044==    by 0x1482DF: yyparse (in /usr/bin/bash)
==2047==    by 0x165D00: initialize_shell_variables (in /usr/bin/bash)
==2044==    by 0x148DF9: parse_command (in /usr/bin/bash)
==2044==    by 0x148FEC: read_command (in /usr/bin/bash)
==2047==    by 0x13CB63: ??? (in /usr/bin/bash)
==2044==    by 0x1492C5: reader_loop (in /usr/bin/bash)
==2047==    by 0x139F34: main (in /usr/bin/bash)
==2044==    by 0x13AC05: main (in /usr/bin/bash)
==2047== 
==2044== 
==2047== 32 bytes in 1 blocks are still reachable in loss record 174 of 381
==2044== 128 bytes in 8 blocks are still reachable in loss record 344 of 384
==2047==    at 0x4848899: malloc (in /usr/libexec/valgrind/vgpreload_memcheck-amd64-linux.so)
==2044==    at 0x4848899: malloc (in /usr/libexec/valgrind/vgpreload_memcheck-amd64-linux.so)
==2047==    by 0x18772B: hash_insert (in /usr/bin/bash)
==2044==    by 0x14CBD9: make_simple_command (in /usr/bin/bash)
==2047==    by 0x1604DE: ??? (in /usr/bin/bash)
==2044==    by 0x1484B9: yyparse (in /usr/bin/bash)
==2047==    by 0x1613A0: ??? (in /usr/bin/bash)
==2044==    by 0x148DF9: parse_command (in /usr/bin/bash)
==2047==    by 0x165D23: initialize_shell_variables (in /usr/bin/bash)
==2044==    by 0x148FEC: read_command (in /usr/bin/bash)
==2047==    by 0x13CB63: ??? (in /usr/bin/bash)
==2044==    by 0x1492C5: reader_loop (in /usr/bin/bash)
==2047==    by 0x139F34: main (in /usr/bin/bash)
==2044==    by 0x13AC05: main (in /usr/bin/bash)
==2047== 
==2044== 
==2047== 32 bytes in 1 blocks are still reachable in loss record 175 of 381
==2044== 128 bytes in 8 blocks are still reachable in loss record 345 of 384
==2047==    at 0x4848899: malloc (in /usr/libexec/valgrind/vgpreload_memcheck-amd64-linux.so)
==2044==    at 0x4848899: malloc (in /usr/libexec/valgrind/vgpreload_memcheck-amd64-linux.so)
==2047==    by 0x18772B: hash_insert (in /usr/bin/bash)
==2044==    by 0x14BF7D: alloc_word_desc (in /usr/bin/bash)
==2047==    by 0x1604DE: ??? (in /usr/bin/bash)
==2044==    by 0x1441A9: ??? (in /usr/bin/bash)
==2047==    by 0x1613A0: ??? (in /usr/bin/bash)
==2044==    by 0x145BC2: yyparse (in /usr/bin/bash)
==2047==    by 0x165D49: initialize_shell_variables (in /usr/bin/bash)
==2044==    by 0x148DF9: parse_command (in /usr/bin/bash)
==2047==    by 0x13CB63: ??? (in /usr/bin/bash)
==2044==    by 0x148FEC: read_command (in /usr/bin/bash)
==2047==    by 0x139F34: main (in /usr/bin/bash)
==2044==    by 0x1492C5: reader_loop (in /usr/bin/bash)
==2047== 
==2044==    by 0x13AC05: main (in /usr/bin/bash)
==2047== 32 bytes in 1 blocks are still reachable in loss record 176 of 381
==2044== 
==2047==    at 0x4848899: malloc (in /usr/libexec/valgrind/vgpreload_memcheck-amd64-linux.so)
==2044== 144 bytes in 1 blocks are still reachable in loss record 346 of 384
==2047==    by 0x18772B: hash_insert (in /usr/bin/bash)
==2044==    at 0x4848899: malloc (in /usr/libexec/valgrind/vgpreload_memcheck-amd64-linux.so)
==2047==    by 0x1604DE: ??? (in /usr/bin/bash)
==2044==    by 0x160E54: make_variable_value (in /usr/bin/bash)
==2047==    by 0x1613A0: ??? (in /usr/bin/bash)
==2044==    by 0x1613B1: ??? (in /usr/bin/bash)
==2047==    by 0x165D73: initialize_shell_variables (in /usr/bin/bash)
==2044==    by 0x1CC994: set_bashopts (in /usr/bin/bash)
==2047==    by 0x13CB63: ??? (in /usr/bin/bash)
==2044==    by 0x13CB09: ??? (in /usr/bin/bash)
==2047==    by 0x139F34: main (in /usr/bin/bash)
==2044==    by 0x139F34: main (in /usr/bin/bash)
==2047== 
==2044== 
==2047== 32 bytes in 1 blocks are still reachable in loss record 177 of 381
==2044== 144 bytes in 2 blocks are still reachable in loss record 347 of 384
==2047==    at 0x4848899: malloc (in /usr/libexec/valgrind/vgpreload_memcheck-amd64-linux.so)
==2044==    at 0x4848899: malloc (in /usr/libexec/valgrind/vgpreload_memcheck-amd64-linux.so)
==2047==    by 0x18772B: hash_insert (in /usr/bin/bash)
==2044==    by 0x48D0FDC: _nl_make_l10nflist (l10nflist.c:242)
==2047==    by 0x1604DE: ??? (in /usr/bin/bash)
==2044==    by 0x48D118F: _nl_make_l10nflist (l10nflist.c:295)
==2047==    by 0x1613A0: ??? (in /usr/bin/bash)
==2044==    by 0x48D1211: _nl_make_l10nflist (l10nflist.c:285)
==2047==    by 0x165D9A: initialize_shell_variables (in /usr/bin/bash)
==2044==    by 0x48CA747: _nl_find_locale (findlocale.c:214)
==2047==    by 0x13CB63: ??? (in /usr/bin/bash)
==2044==    by 0x48C9856: setlocale (setlocale.c:337)
==2047==    by 0x139F34: main (in /usr/bin/bash)
==2044==    by 0x48C9856: setlocale (setlocale.c:217)
==2047== 
==2044==    by 0x1A8D7B: set_default_locale (in /usr/bin/bash)
==2047== 32 bytes in 1 blocks are still reachable in loss record 178 of 381
==2044==    by 0x1393B6: main (in /usr/bin/bash)
==2047==    at 0x4848899: malloc (in /usr/libexec/valgrind/vgpreload_memcheck-amd64-linux.so)
==2044== 
==2047==    by 0x18772B: hash_insert (in /usr/bin/bash)
==2044== 144 bytes in 3 blocks are still reachable in loss record 348 of 384
==2047==    by 0x1604DE: ??? (in /usr/bin/bash)
==2044==    at 0x4848899: malloc (in /usr/libexec/valgrind/vgpreload_memcheck-amd64-linux.so)
==2047==    by 0x1613A0: ??? (in /usr/bin/bash)
==2044==    by 0x159BD7: ??? (in /usr/bin/bash)
==2047==    by 0x165DC7: initialize_shell_variables (in /usr/bin/bash)
==2044==    by 0x160497: ??? (in /usr/bin/bash)
==2047==    by 0x13CB63: ??? (in /usr/bin/bash)
==2044==    by 0x1613A0: ??? (in /usr/bin/bash)
==2047==    by 0x139F34: main (in /usr/bin/bash)
==2044==    by 0x17B04D: ??? (in /usr/bin/bash)
==2047== 
==2044==    by 0x190848: ??? (in /usr/bin/bash)
==2047== 32 bytes in 1 blocks are still reachable in loss record 179 of 381
==2044==    by 0x153F3E: ??? (in /usr/bin/bash)
==2047==    at 0x4848899: malloc (in /usr/libexec/valgrind/vgpreload_memcheck-amd64-linux.so)
==2044==    by 0x155AFC: execute_command_internal (in /usr/bin/bash)
==2047==    by 0x18772B: hash_insert (in /usr/bin/bash)
==2044==    by 0x158157: execute_command (in /usr/bin/bash)
==2047==    by 0x1604DE: ??? (in /usr/bin/bash)
==2044==    by 0x14938A: reader_loop (in /usr/bin/bash)
==2047==    by 0x1613A0: ??? (in /usr/bin/bash)
==2044==    by 0x13AC05: main (in /usr/bin/bash)
==2047==    by 0x165DEA: initialize_shell_variables (in /usr/bin/bash)
==2044== 
==2047==    by 0x13CB63: ??? (in /usr/bin/bash)
==2044== 208 bytes in 1 blocks are still reachable in loss record 349 of 384
==2047==    by 0x139F34: main (in /usr/bin/bash)
==2044==    at 0x4848899: malloc (in /usr/libexec/valgrind/vgpreload_memcheck-amd64-linux.so)
==2047== 
==2044==    by 0x48C89D6: __gconv_lookup_cache (gconv_cache.c:365)
==2047== 32 bytes in 1 blocks are still reachable in loss record 180 of 381
==2044==    by 0x48BEB6E: __gconv_find_transform (gconv_db.c:732)
==2047==    at 0x4848899: malloc (in /usr/libexec/valgrind/vgpreload_memcheck-amd64-linux.so)
==2044==    by 0x4965D4A: __wcsmbs_getfct (wcsmbsload.c:91)
==2047==    by 0x18772B: hash_insert (in /usr/bin/bash)
==2044==    by 0x4965D4A: __wcsmbs_load_conv (wcsmbsload.c:185)
==2047==    by 0x1604DE: ??? (in /usr/bin/bash)
==2044==    by 0x48D8ED2: get_gconv_fcts (wcsmbsload.h:73)
==2047==    by 0x1613A0: ??? (in /usr/bin/bash)
==2044==    by 0x48D8ED2: mblen (mblen.c:45)
==2047==    by 0x165E10: initialize_shell_variables (in /usr/bin/bash)
==2044==    by 0x1A8DFB: set_default_locale (in /usr/bin/bash)
==2047==    by 0x13CB63: ??? (in /usr/bin/bash)
==2044==    by 0x1393B6: main (in /usr/bin/bash)
==2047==    by 0x139F34: main (in /usr/bin/bash)
==2044== 
==2047== 
==2044== 208 bytes in 1 blocks are still reachable in loss record 350 of 384
==2047== 32 bytes in 1 blocks are still reachable in loss record 181 of 381
==2044==    at 0x4848899: malloc (in /usr/libexec/valgrind/vgpreload_memcheck-amd64-linux.so)
==2047==    at 0x4848899: malloc (in /usr/libexec/valgrind/vgpreload_memcheck-amd64-linux.so)
==2044==    by 0x48C8AC0: __gconv_lookup_cache (gconv_cache.c:365)
==2047==    by 0x18772B: hash_insert (in /usr/bin/bash)
==2044==    by 0x48BEB6E: __gconv_find_transform (gconv_db.c:732)
==2047==    by 0x1604DE: ??? (in /usr/bin/bash)
==2044==    by 0x4965D8B: __wcsmbs_getfct (wcsmbsload.c:91)
==2047==    by 0x1613A0: ??? (in /usr/bin/bash)
==2044==    by 0x4965D8B: __wcsmbs_load_conv (wcsmbsload.c:188)
==2047==    by 0x165E36: initialize_shell_variables (in /usr/bin/bash)
==2044==    by 0x48D8ED2: get_gconv_fcts (wcsmbsload.h:73)
==2047==    by 0x13CB63: ??? (in /usr/bin/bash)
==2044==    by 0x48D8ED2: mblen (mblen.c:45)
==2047==    by 0x139F34: main (in /usr/bin/bash)
==2044==    by 0x1A8DFB: set_default_locale (in /usr/bin/bash)
==2047== 
==2044==    by 0x1393B6: main (in /usr/bin/bash)
==2047== 32 bytes in 1 blocks are still reachable in loss record 182 of 381
==2044== 
==2047==    at 0x4848899: malloc (in /usr/libexec/valgrind/vgpreload_memcheck-amd64-linux.so)
==2044== 228 bytes in 1 blocks are still reachable in loss record 351 of 384
==2047==    by 0x18772B: hash_insert (in /usr/bin/bash)
==2044==    at 0x4848899: malloc (in /usr/libexec/valgrind/vgpreload_memcheck-amd64-linux.so)
==2047==    by 0x1604DE: ??? (in /usr/bin/bash)
==2044==    by 0x1B26A1: ??? (in /usr/bin/bash)
==2047==    by 0x1613A0: ??? (in /usr/bin/bash)
==2044==    by 0x1B7975: parse_string (in /usr/bin/bash)
==2047==    by 0x165E5D: initialize_shell_variables (in /usr/bin/bash)
==2044==    by 0x13F7B2: xparse_dolparen (in /usr/bin/bash)
==2047==    by 0x13CB63: ??? (in /usr/bin/bash)
==2044==    by 0x1801F3: ??? (in /usr/bin/bash)
==2047==    by 0x139F34: main (in /usr/bin/bash)
==2044==    by 0x189C57: ??? (in /usr/bin/bash)
==2047== 
==2044==    by 0x1746F6: expand_string_assignment (in /usr/bin/bash)
==2047== 32 bytes in 1 blocks are still reachable in loss record 183 of 381
==2044==    by 0x17AB95: ??? (in /usr/bin/bash)
==2047==    at 0x4848899: malloc (in /usr/libexec/valgrind/vgpreload_memcheck-amd64-linux.so)
==2044==    by 0x17B1E5: ??? (in /usr/bin/bash)
==2047==    by 0x18772B: hash_insert (in /usr/bin/bash)
==2044==    by 0x190848: ??? (in /usr/bin/bash)
==2047==    by 0x1604DE: ??? (in /usr/bin/bash)
==2044==    by 0x153F3E: ??? (in /usr/bin/bash)
==2047==    by 0x166685: initialize_shell_variables (in /usr/bin/bash)
==2044==    by 0x155AFC: execute_command_internal (in /usr/bin/bash)
==2047==    by 0x13CB63: ??? (in /usr/bin/bash)
==2044== 
==2047==    by 0x139F34: main (in /usr/bin/bash)
==2044== 228 bytes in 1 blocks are still reachable in loss record 352 of 384
==2047== 
==2044==    at 0x4848899: malloc (in /usr/libexec/valgrind/vgpreload_memcheck-amd64-linux.so)
==2047== 32 bytes in 1 blocks are still reachable in loss record 184 of 381
==2044==    by 0x1B26A1: ??? (in /usr/bin/bash)
==2047==    at 0x4848899: malloc (in /usr/libexec/valgrind/vgpreload_memcheck-amd64-linux.so)
==2044==    by 0x1B7975: parse_string (in /usr/bin/bash)
==2047==    by 0x191D99: array_create (in /usr/bin/bash)
==2044==    by 0x13F7B2: xparse_dolparen (in /usr/bin/bash)
==2047==    by 0x16668D: initialize_shell_variables (in /usr/bin/bash)
==2044==    by 0x17855F: ??? (in /usr/bin/bash)
==2047==    by 0x13CB63: ??? (in /usr/bin/bash)
==2044==    by 0x189DC4: ??? (in /usr/bin/bash)
==2047==    by 0x139F34: main (in /usr/bin/bash)
==2044==    by 0x1746F6: expand_string_assignment (in /usr/bin/bash)
==2047== 
==2044==    by 0x214D75: ??? (in /usr/bin/bash)
==2047== 32 bytes in 1 blocks are still reachable in loss record 185 of 381
==2044==    by 0x1AABDE: do_redirections (in /usr/bin/bash)
==2047==    at 0x4848899: malloc (in /usr/libexec/valgrind/vgpreload_memcheck-amd64-linux.so)
==2044==    by 0x154580: ??? (in /usr/bin/bash)
==2047==    by 0x18772B: hash_insert (in /usr/bin/bash)
==2044==    by 0x155AFC: execute_command_internal (in /usr/bin/bash)
==2047==    by 0x1604DE: ??? (in /usr/bin/bash)
==2044==    by 0x1569B1: execute_command_internal (in /usr/bin/bash)
==2047==    by 0x166647: initialize_shell_variables (in /usr/bin/bash)
==2044== 
==2047==    by 0x13CB63: ??? (in /usr/bin/bash)
==2044== 228 bytes in 1 blocks are still reachable in loss record 353 of 384
==2047==    by 0x139F34: main (in /usr/bin/bash)
==2044==    at 0x4848899: malloc (in /usr/libexec/valgrind/vgpreload_memcheck-amd64-linux.so)
==2047== 
==2044==    by 0x1B26A1: ??? (in /usr/bin/bash)
==2047== 32 bytes in 1 blocks are still reachable in loss record 186 of 381
==2044==    by 0x1B7975: parse_string (in /usr/bin/bash)
==2047==    at 0x4848899: malloc (in /usr/libexec/valgrind/vgpreload_memcheck-amd64-linux.so)
==2044==    by 0x13F7B2: xparse_dolparen (in /usr/bin/bash)
==2047==    by 0x191D99: array_create (in /usr/bin/bash)
==2044==    by 0x1801F3: ??? (in /usr/bin/bash)
==2047==    by 0x16664F: initialize_shell_variables (in /usr/bin/bash)
==2044==    by 0x189C57: ??? (in /usr/bin/bash)
==2047==    by 0x13CB63: ??? (in /usr/bin/bash)
==2044==    by 0x18B176: ??? (in /usr/bin/bash)
==2047==    by 0x139F34: main (in /usr/bin/bash)
==2044==    by 0x1746F6: expand_string_assignment (in /usr/bin/bash)
==2047== 
==2044==    by 0x214D75: ??? (in /usr/bin/bash)
==2047== 32 bytes in 1 blocks are still reachable in loss record 187 of 381
==2044==    by 0x1AABDE: do_redirections (in /usr/bin/bash)
==2047==    at 0x4848899: malloc (in /usr/libexec/valgrind/vgpreload_memcheck-amd64-linux.so)
==2044==    by 0x154580: ??? (in /usr/bin/bash)
==2047==    by 0x18772B: hash_insert (in /usr/bin/bash)
==2044==    by 0x155AFC: execute_command_internal (in /usr/bin/bash)
==2047==    by 0x1604DE: ??? (in /usr/bin/bash)
==2044== 
==2047==    by 0x166609: initialize_shell_variables (in /usr/bin/bash)
==2044== 230 bytes in 28 blocks are still reachable in loss record 354 of 384
==2047==    by 0x13CB63: ??? (in /usr/bin/bash)
==2044==    at 0x4848899: malloc (in /usr/libexec/valgrind/vgpreload_memcheck-amd64-linux.so)
==2047==    by 0x139F34: main (in /usr/bin/bash)
==2044==    by 0x159BF3: ??? (in /usr/bin/bash)
==2047== 
==2044==    by 0x160497: ??? (in /usr/bin/bash)
==2047== 32 bytes in 1 blocks are still reachable in loss record 188 of 381
==2044==    by 0x1613A0: ??? (in /usr/bin/bash)
==2047==    at 0x4848899: malloc (in /usr/libexec/valgrind/vgpreload_memcheck-amd64-linux.so)
==2047==    by 0x191D99: array_create (in /usr/bin/bash)
==2044==    by 0x165FCE: initialize_shell_variables (in /usr/bin/bash)
==2047==    by 0x166611: initialize_shell_variables (in /usr/bin/bash)
==2047==    by 0x13CB63: ??? (in /usr/bin/bash)
==2044==    by 0x13CB63: ??? (in /usr/bin/bash)
==2047==    by 0x139F34: main (in /usr/bin/bash)
==2044==    by 0x139F34: main (in /usr/bin/bash)
==2047== 
==2044== 
==2047== 32 bytes in 1 blocks are still reachable in loss record 189 of 381
==2047==    at 0x4848899: malloc (in /usr/libexec/valgrind/vgpreload_memcheck-amd64-linux.so)
==2044== 230 bytes in 28 blocks are still reachable in loss record 355 of 384
==2047==    by 0x18772B: hash_insert (in /usr/bin/bash)
==2044==    at 0x4848899: malloc (in /usr/libexec/valgrind/vgpreload_memcheck-amd64-linux.so)
==2047==    by 0x1604DE: ??? (in /usr/bin/bash)
==2044==    by 0x1604BB: ??? (in /usr/bin/bash)
==2047==    by 0x1665CB: initialize_shell_variables (in /usr/bin/bash)
==2044==    by 0x1613A0: ??? (in /usr/bin/bash)
==2047==    by 0x13CB63: ??? (in /usr/bin/bash)
==2044==    by 0x165FCE: initialize_shell_variables (in /usr/bin/bash)
==2047==    by 0x139F34: main (in /usr/bin/bash)
==2044==    by 0x13CB63: ??? (in /usr/bin/bash)
==2047== 
==2044==    by 0x139F34: main (in /usr/bin/bash)
==2047== 32 bytes in 1 blocks are still reachable in loss record 190 of 381
==2044== 
==2047==    at 0x4848899: malloc (in /usr/libexec/valgrind/vgpreload_memcheck-amd64-linux.so)
==2044== 256 bytes in 1 blocks are still reachable in loss record 356 of 384
==2047==    by 0x191D99: array_create (in /usr/bin/bash)
==2044==    at 0x4848899: malloc (in /usr/libexec/valgrind/vgpreload_memcheck-amd64-linux.so)
==2044==    by 0x14080F: ??? (in /usr/bin/bash)
==2044==    by 0x141F89: ??? (in /usr/bin/bash)
==2047==    by 0x1665D3: initialize_shell_variables (in /usr/bin/bash)
==2044==    by 0x145BC2: yyparse (in /usr/bin/bash)
==2047==    by 0x13CB63: ??? (in /usr/bin/bash)
==2044==    by 0x148DF9: parse_command (in /usr/bin/bash)
==2047==    by 0x139F34: main (in /usr/bin/bash)
==2044==    by 0x148FEC: read_command (in /usr/bin/bash)
==2047== 
==2044==    by 0x1492C5: reader_loop (in /usr/bin/bash)
==2044==    by 0x13AC05: main (in /usr/bin/bash)
==2047== 32 bytes in 1 blocks are still reachable in loss record 191 of 381
==2044== 
==2047==    at 0x4848899: malloc (in /usr/libexec/valgrind/vgpreload_memcheck-amd64-linux.so)
==2044== 261 bytes in 3 blocks are still reachable in loss record 357 of 384
==2047==    by 0x18772B: hash_insert (in /usr/bin/bash)
==2044==    at 0x4848899: malloc (in /usr/libexec/valgrind/vgpreload_memcheck-amd64-linux.so)
==2047==    by 0x1604DE: ??? (in /usr/bin/bash)
==2044==    by 0x160E54: make_variable_value (in /usr/bin/bash)
==2047==    by 0x16658D: initialize_shell_variables (in /usr/bin/bash)
==2044==    by 0x1613B1: ??? (in /usr/bin/bash)
==2047==    by 0x13CB63: ??? (in /usr/bin/bash)
==2044==    by 0x17B04D: ??? (in /usr/bin/bash)
==2047==    by 0x139F34: main (in /usr/bin/bash)
==2044==    by 0x190848: ??? (in /usr/bin/bash)
==2047== 
==2044==    by 0x153F3E: ??? (in /usr/bin/bash)
==2047== 32 bytes in 1 blocks are still reachable in loss record 192 of 381
==2044==    by 0x155AFC: execute_command_internal (in /usr/bin/bash)
==2047==    at 0x4848899: malloc (in /usr/libexec/valgrind/vgpreload_memcheck-amd64-linux.so)
==2044==    by 0x158157: execute_command (in /usr/bin/bash)
==2047==    by 0x191D99: array_create (in /usr/bin/bash)
==2044==    by 0x14938A: reader_loop (in /usr/bin/bash)
==2047==    by 0x166595: initialize_shell_variables (in /usr/bin/bash)
==2044==    by 0x13AC05: main (in /usr/bin/bash)
==2047==    by 0x13CB63: ??? (in /usr/bin/bash)
==2044== 
==2047==    by 0x139F34: main (in /usr/bin/bash)
==2044== 285 bytes in 3 blocks are still reachable in loss record 358 of 384
==2047== 
==2044==    at 0x4848899: malloc (in /usr/libexec/valgrind/vgpreload_memcheck-amd64-linux.so)
==2047== 32 bytes in 1 blocks are still reachable in loss record 193 of 381
==2044==    by 0x1ACCD7: remember_args (in /usr/bin/bash)
==2047==    at 0x4848899: malloc (in /usr/libexec/valgrind/vgpreload_memcheck-amd64-linux.so)
==2044==    by 0x13C7EB: ??? (in /usr/bin/bash)
==2047==    by 0x18772B: hash_insert (in /usr/bin/bash)
==2044==    by 0x13A504: main (in /usr/bin/bash)
==2047==    by 0x1604DE: ??? (in /usr/bin/bash)
==2044== 
==2047==    by 0x16654F: initialize_shell_variables (in /usr/bin/bash)
==2044== 353 bytes in 12 blocks are still reachable in loss record 359 of 384
==2047==    by 0x13CB63: ??? (in /usr/bin/bash)
==2044==    at 0x4848899: malloc (in /usr/libexec/valgrind/vgpreload_memcheck-amd64-linux.so)
==2047==    by 0x139F34: main (in /usr/bin/bash)
==2044==    by 0x48D0E4C: _nl_make_l10nflist (l10nflist.c:166)
==2047== 
==2044==    by 0x48D1211: _nl_make_l10nflist (l10nflist.c:285)
==2047== 32 bytes in 1 blocks are still reachable in loss record 194 of 381
==2044==    by 0x48D1211: _nl_make_l10nflist (l10nflist.c:285)
==2047==    at 0x4848899: malloc (in /usr/libexec/valgrind/vgpreload_memcheck-amd64-linux.so)
==2044==    by 0x48CA747: _nl_find_locale (findlocale.c:214)
==2047==    by 0x191D99: array_create (in /usr/bin/bash)
==2044==    by 0x48C9856: setlocale (setlocale.c:337)
==2047==    by 0x166557: initialize_shell_variables (in /usr/bin/bash)
==2044==    by 0x48C9856: setlocale (setlocale.c:217)
==2047==    by 0x13CB63: ??? (in /usr/bin/bash)
==2044==    by 0x1A8D7B: set_default_locale (in /usr/bin/bash)
==2047==    by 0x139F34: main (in /usr/bin/bash)
==2044==    by 0x1393B6: main (in /usr/bin/bash)
==2047== 
==2044== 
==2047== 32 bytes in 1 blocks are still reachable in loss record 195 of 381
==2044== 485 bytes in 12 blocks are still reachable in loss record 360 of 384
==2047==    at 0x4848899: malloc (in /usr/libexec/valgrind/vgpreload_memcheck-amd64-linux.so)
==2044==    at 0x4848899: malloc (in /usr/libexec/valgrind/vgpreload_memcheck-amd64-linux.so)
==2047==    by 0x18772B: hash_insert (in /usr/bin/bash)
==2044==    by 0x48D0E4C: _nl_make_l10nflist (l10nflist.c:166)
==2047==    by 0x1604DE: ??? (in /usr/bin/bash)
==2044==    by 0x48CA747: _nl_find_locale (findlocale.c:214)
==2047==    by 0x16650C: initialize_shell_variables (in /usr/bin/bash)
==2044==    by 0x48C9856: setlocale (setlocale.c:337)
==2047==    by 0x13CB63: ??? (in /usr/bin/bash)
==2044==    by 0x48C9856: setlocale (setlocale.c:217)
==2047==    by 0x139F34: main (in /usr/bin/bash)
==2044==    by 0x1A8D7B: set_default_locale (in /usr/bin/bash)
==2047== 
==2044==    by 0x1393B6: main (in /usr/bin/bash)
==2047== 32 bytes in 1 blocks are still reachable in loss record 196 of 381
==2044== 
==2047==    at 0x4848899: malloc (in /usr/libexec/valgrind/vgpreload_memcheck-amd64-linux.so)
==2044== 496 bytes in 1 blocks are still reachable in loss record 361 of 384
==2047==    by 0x18772B: hash_insert (in /usr/bin/bash)
==2044==    at 0x4848899: malloc (in /usr/libexec/valgrind/vgpreload_memcheck-amd64-linux.so)
==2047==    by 0x1604DE: ??? (in /usr/bin/bash)
==2044==    by 0x14418B: ??? (in /usr/bin/bash)
==2047==    by 0x1664C9: initialize_shell_variables (in /usr/bin/bash)
==2044==    by 0x145BC2: yyparse (in /usr/bin/bash)
==2047==    by 0x13CB63: ??? (in /usr/bin/bash)
