==2047==    at 0x4848899: malloc (in /usr/libexec/valgrind/vgpreload_memcheck-amd64-linux.so)
==2044==    by 0x155AFC: execute_command_internal (in /usr/bin/bash)
==2047==    by 0x159BF3: ??? (in /usr/bin/bash)
==2044==    by 0x1569B1: execute_command_internal (in /usr/bin/bash)
==2047==    by 0x160497: ??? (in /usr/bin/bash)
==2044==    by 0x158157: execute_command (in /usr/bin/bash)
==2047==    by 0x1613A0: ??? (in /usr/bin/bash)
==2044==    by 0x155C69: execute_command_internal (in /usr/bin/bash)
==2047==    by 0x165CAD: initialize_shell_variables (in /usr/bin/bash)
==2044==    by 0x158157: execute_command (in /usr/bin/bash)
==2047==    by 0x13CB63: ??? (in /usr/bin/bash)
==2044==    by 0x155C69: execute_command_internal (in /usr/bin/bash)
==2047==    by 0x139F34: main (in /usr/bin/bash)
==2044== 
==2047== 
==2044== 32 bytes in 1 blocks are still reachable in loss record 235 of 384
==2047== 8 bytes in 1 blocks are still reachable in loss record 51 of 381
==2044==    at 0x4848899: malloc (in /usr/libexec/valgrind/vgpreload_memcheck-amd64-linux.so)
==2047==    at 0x4848899: malloc (in /usr/libexec/valgrind/vgpreload_memcheck-amd64-linux.so)
==2044==    by 0x15379C: ??? (in /usr/bin/bash)
==2047==    by 0x1604BB: ??? (in /usr/bin/bash)
==2044==    by 0x155AFC: execute_command_internal (in /usr/bin/bash)
==2047==    by 0x1613A0: ??? (in /usr/bin/bash)
==2044==    by 0x1569B1: execute_command_internal (in /usr/bin/bash)
==2047==    by 0x165CAD: initialize_shell_variables (in /usr/bin/bash)
==2044==    by 0x158157: execute_command (in /usr/bin/bash)
==2047==    by 0x13CB63: ??? (in /usr/bin/bash)
==2044==    by 0x155C69: execute_command_internal (in /usr/bin/bash)
==2047==    by 0x139F34: main (in /usr/bin/bash)
==2044==    by 0x158157: execute_command (in /usr/bin/bash)
==2047== 
==2044==    by 0x155C69: execute_command_internal (in /usr/bin/bash)
==2047== 8 bytes in 1 blocks are still reachable in loss record 52 of 381
==2044==    by 0x158157: execute_command (in /usr/bin/bash)
==2047==    at 0x4848899: malloc (in /usr/libexec/valgrind/vgpreload_memcheck-amd64-linux.so)
==2044==    by 0x14938A: reader_loop (in /usr/bin/bash)
==2047==    by 0x159BF3: ??? (in /usr/bin/bash)
==2044==    by 0x13AC05: main (in /usr/bin/bash)
==2047==    by 0x160497: ??? (in /usr/bin/bash)
==2044== 
==2047==    by 0x1613A0: ??? (in /usr/bin/bash)
==2044== 32 bytes in 1 blocks are still reachable in loss record 236 of 384
==2047==    by 0x165D73: initialize_shell_variables (in /usr/bin/bash)
==2044==    at 0x4848899: malloc (in /usr/libexec/valgrind/vgpreload_memcheck-amd64-linux.so)
==2047==    by 0x13CB63: ??? (in /usr/bin/bash)
==2044==    by 0x15445B: ??? (in /usr/bin/bash)
==2047==    by 0x139F34: main (in /usr/bin/bash)
==2044==    by 0x155AFC: execute_command_internal (in /usr/bin/bash)
==2047== 
==2044==    by 0x1569B1: execute_command_internal (in /usr/bin/bash)
==2047== 8 bytes in 1 blocks are still reachable in loss record 53 of 381
==2044==    by 0x158157: execute_command (in /usr/bin/bash)
==2047==    at 0x4848899: malloc (in /usr/libexec/valgrind/vgpreload_memcheck-amd64-linux.so)
==2044==    by 0x155C69: execute_command_internal (in /usr/bin/bash)
==2047==    by 0x1604BB: ??? (in /usr/bin/bash)
==2044==    by 0x158157: execute_command (in /usr/bin/bash)
==2047==    by 0x1613A0: ??? (in /usr/bin/bash)
==2044==    by 0x155C69: execute_command_internal (in /usr/bin/bash)
==2047==    by 0x165D73: initialize_shell_variables (in /usr/bin/bash)
==2044==    by 0x158157: execute_command (in /usr/bin/bash)
==2047==    by 0x13CB63: ??? (in /usr/bin/bash)
==2044==    by 0x14938A: reader_loop (in /usr/bin/bash)
==2047==    by 0x139F34: main (in /usr/bin/bash)
==2044==    by 0x13AC05: main (in /usr/bin/bash)
==2047== 
==2044== 
==2047== 8 bytes in 1 blocks are still reachable in loss record 54 of 381
==2044== 32 bytes in 1 blocks are still reachable in loss record 237 of 384
==2047==    at 0x4848899: malloc (in /usr/libexec/valgrind/vgpreload_memcheck-amd64-linux.so)
==2044==    at 0x4848899: malloc (in /usr/libexec/valgrind/vgpreload_memcheck-amd64-linux.so)
==2047==    by 0x159BF3: ??? (in /usr/bin/bash)
==2044==    by 0x1B2654: ??? (in /usr/bin/bash)
==2047==    by 0x160497: ??? (in /usr/bin/bash)
==2044==    by 0x1B7975: parse_string (in /usr/bin/bash)
==2047==    by 0x1613A0: ??? (in /usr/bin/bash)
==2044==    by 0x13F7B2: xparse_dolparen (in /usr/bin/bash)
==2047==    by 0x165DC7: initialize_shell_variables (in /usr/bin/bash)
==2044==    by 0x17855F: ??? (in /usr/bin/bash)
==2047==    by 0x13CB63: ??? (in /usr/bin/bash)
==2044==    by 0x189DC4: ??? (in /usr/bin/bash)
==2047==    by 0x139F34: main (in /usr/bin/bash)
==2044==    by 0x1746F6: expand_string_assignment (in /usr/bin/bash)
==2047== 
==2044==    by 0x214D75: ??? (in /usr/bin/bash)
==2047== 8 bytes in 1 blocks are still reachable in loss record 55 of 381
==2044==    by 0x1AABDE: do_redirections (in /usr/bin/bash)
==2047==    at 0x4848899: malloc (in /usr/libexec/valgrind/vgpreload_memcheck-amd64-linux.so)
==2044==    by 0x154580: ??? (in /usr/bin/bash)
==2047==    by 0x1604BB: ??? (in /usr/bin/bash)
==2044==    by 0x155AFC: execute_command_internal (in /usr/bin/bash)
==2047==    by 0x1613A0: ??? (in /usr/bin/bash)
==2044==    by 0x1569B1: execute_command_internal (in /usr/bin/bash)
==2047==    by 0x165DC7: initialize_shell_variables (in /usr/bin/bash)
==2044== 
==2047==    by 0x13CB63: ??? (in /usr/bin/bash)
==2044== 32 bytes in 1 blocks are still reachable in loss record 238 of 384
==2047==    by 0x139F34: main (in /usr/bin/bash)
==2044==    at 0x4848899: malloc (in /usr/libexec/valgrind/vgpreload_memcheck-amd64-linux.so)
==2047== 
==2044==    by 0x1B2778: ??? (in /usr/bin/bash)
==2047== 8 bytes in 1 blocks are still reachable in loss record 56 of 381
==2044==    by 0x1B7975: parse_string (in /usr/bin/bash)
==2047==    at 0x4848899: malloc (in /usr/libexec/valgrind/vgpreload_memcheck-amd64-linux.so)
==2044==    by 0x13F7B2: xparse_dolparen (in /usr/bin/bash)
==2047==    by 0x159BF3: ??? (in /usr/bin/bash)
==2044==    by 0x17855F: ??? (in /usr/bin/bash)
==2047==    by 0x160497: ??? (in /usr/bin/bash)
==2044==    by 0x189DC4: ??? (in /usr/bin/bash)
==2047==    by 0x1613A0: ??? (in /usr/bin/bash)
==2044==    by 0x1746F6: expand_string_assignment (in /usr/bin/bash)
==2047==    by 0x165E36: initialize_shell_variables (in /usr/bin/bash)
==2044==    by 0x214D75: ??? (in /usr/bin/bash)
==2047==    by 0x13CB63: ??? (in /usr/bin/bash)
==2044==    by 0x1AABDE: do_redirections (in /usr/bin/bash)
==2047==    by 0x139F34: main (in /usr/bin/bash)
==2044==    by 0x154580: ??? (in /usr/bin/bash)
==2047== 
==2044==    by 0x155AFC: execute_command_internal (in /usr/bin/bash)
==2047== 8 bytes in 1 blocks are still reachable in loss record 57 of 381
==2044==    by 0x1569B1: execute_command_internal (in /usr/bin/bash)
==2047==    at 0x4848899: malloc (in /usr/libexec/valgrind/vgpreload_memcheck-amd64-linux.so)
==2044== 
==2047==    by 0x1604BB: ??? (in /usr/bin/bash)
==2044== 32 bytes in 1 blocks are still reachable in loss record 239 of 384
==2047==    by 0x1613A0: ??? (in /usr/bin/bash)
==2044==    at 0x4848899: malloc (in /usr/libexec/valgrind/vgpreload_memcheck-amd64-linux.so)
==2047==    by 0x165E36: initialize_shell_variables (in /usr/bin/bash)
==2044==    by 0x1B27B7: ??? (in /usr/bin/bash)
==2047==    by 0x13CB63: ??? (in /usr/bin/bash)
==2044==    by 0x1B7975: parse_string (in /usr/bin/bash)
==2047==    by 0x139F34: main (in /usr/bin/bash)
==2044==    by 0x13F7B2: xparse_dolparen (in /usr/bin/bash)
==2047== 
==2044==    by 0x17855F: ??? (in /usr/bin/bash)
==2047== 8 bytes in 1 blocks are still reachable in loss record 58 of 381
==2044==    by 0x189DC4: ??? (in /usr/bin/bash)
==2047==    at 0x4848899: malloc (in /usr/libexec/valgrind/vgpreload_memcheck-amd64-linux.so)
==2044==    by 0x1746F6: expand_string_assignment (in /usr/bin/bash)
==2047==    by 0x163D88: ??? (in /usr/bin/bash)
==2044==    by 0x214D75: ??? (in /usr/bin/bash)
==2047==    by 0x16932E: ??? (in /usr/bin/bash)
==2044==    by 0x1AABDE: do_redirections (in /usr/bin/bash)
==2047==    by 0x1A7747: ??? (in /usr/bin/bash)
==2044==    by 0x154580: ??? (in /usr/bin/bash)
==2047==    by 0x1A94D1: set_locale_var (in /usr/bin/bash)
==2044==    by 0x155AFC: execute_command_internal (in /usr/bin/bash)
==2047==    by 0x1A9825: set_default_lang (in /usr/bin/bash)
==2044==    by 0x1569B1: execute_command_internal (in /usr/bin/bash)
==2047==    by 0x139F39: main (in /usr/bin/bash)
==2044== 
==2047== 
==2044== 32 bytes in 1 blocks are still reachable in loss record 240 of 384
==2047== 8 bytes in 1 blocks are still reachable in loss record 59 of 381
==2044==    at 0x4848899: malloc (in /usr/libexec/valgrind/vgpreload_memcheck-amd64-linux.so)
==2047==    at 0x4848899: malloc (in /usr/libexec/valgrind/vgpreload_memcheck-amd64-linux.so)
==2044==    by 0x1B27F8: ??? (in /usr/bin/bash)
==2047==    by 0x493B58E: strdup (strdup.c:42)
==2044==    by 0x1B7975: parse_string (in /usr/bin/bash)
==2044==    by 0x13F7B2: xparse_dolparen (in /usr/bin/bash)
==2044==    by 0x17855F: ??? (in /usr/bin/bash)
==2047==    by 0x48C9ACA: setlocale (setlocale.c:431)
==2044==    by 0x189DC4: ??? (in /usr/bin/bash)
==2047==    by 0x48C9ACA: setlocale (setlocale.c:217)
==2044==    by 0x1746F6: expand_string_assignment (in /usr/bin/bash)
==2047==    by 0x1A7788: ??? (in /usr/bin/bash)
==2044==    by 0x214D75: ??? (in /usr/bin/bash)
==2047==    by 0x1A94D1: set_locale_var (in /usr/bin/bash)
==2044==    by 0x1AABDE: do_redirections (in /usr/bin/bash)
==2047==    by 0x1A9825: set_default_lang (in /usr/bin/bash)
==2044==    by 0x154580: ??? (in /usr/bin/bash)
==2047==    by 0x139F39: main (in /usr/bin/bash)
==2044==    by 0x155AFC: execute_command_internal (in /usr/bin/bash)
==2047== 
==2044==    by 0x1569B1: execute_command_internal (in /usr/bin/bash)
==2047== 8 bytes in 1 blocks are still reachable in loss record 60 of 381
==2044== 
==2047==    at 0x4848899: malloc (in /usr/libexec/valgrind/vgpreload_memcheck-amd64-linux.so)
==2044== 32 bytes in 1 blocks are still reachable in loss record 241 of 384
==2047==    by 0x493B58E: strdup (strdup.c:42)
==2044==    at 0x4848899: malloc (in /usr/libexec/valgrind/vgpreload_memcheck-amd64-linux.so)
==2047==    by 0x48C9ACA: setlocale (setlocale.c:431)
==2044==    by 0x1B2835: ??? (in /usr/bin/bash)
==2047==    by 0x48C9ACA: setlocale (setlocale.c:217)
==2044==    by 0x1B7975: parse_string (in /usr/bin/bash)
==2047==    by 0x1A77A4: ??? (in /usr/bin/bash)
==2044==    by 0x13F7B2: xparse_dolparen (in /usr/bin/bash)
==2047==    by 0x1A94D1: set_locale_var (in /usr/bin/bash)
==2044==    by 0x17855F: ??? (in /usr/bin/bash)
==2047==    by 0x1A9825: set_default_lang (in /usr/bin/bash)
==2044==    by 0x189DC4: ??? (in /usr/bin/bash)
==2047==    by 0x139F39: main (in /usr/bin/bash)
==2044==    by 0x1746F6: expand_string_assignment (in /usr/bin/bash)
==2047== 
==2044==    by 0x214D75: ??? (in /usr/bin/bash)
==2047== 8 bytes in 1 blocks are still reachable in loss record 61 of 381
==2044==    by 0x1AABDE: do_redirections (in /usr/bin/bash)
==2047==    at 0x4848899: malloc (in /usr/libexec/valgrind/vgpreload_memcheck-amd64-linux.so)
==2044==    by 0x154580: ??? (in /usr/bin/bash)
==2047==    by 0x493B58E: strdup (strdup.c:42)
==2044==    by 0x155AFC: execute_command_internal (in /usr/bin/bash)
==2047==    by 0x48C9ACA: setlocale (setlocale.c:431)
==2044==    by 0x1569B1: execute_command_internal (in /usr/bin/bash)
==2047==    by 0x48C9ACA: setlocale (setlocale.c:217)
==2044== 
==2047==    by 0x1A77BD: ??? (in /usr/bin/bash)
==2044== 32 bytes in 1 blocks are still reachable in loss record 242 of 384
==2047==    by 0x1A94D1: set_locale_var (in /usr/bin/bash)
==2044==    at 0x4848899: malloc (in /usr/libexec/valgrind/vgpreload_memcheck-amd64-linux.so)
==2047==    by 0x1A9825: set_default_lang (in /usr/bin/bash)
==2044==    by 0x1B2872: ??? (in /usr/bin/bash)
==2047==    by 0x139F39: main (in /usr/bin/bash)
==2044==    by 0x1B7975: parse_string (in /usr/bin/bash)
==2047== 
==2044==    by 0x13F7B2: xparse_dolparen (in /usr/bin/bash)
==2047== 8 bytes in 1 blocks are still reachable in loss record 62 of 381
==2044==    by 0x17855F: ??? (in /usr/bin/bash)
==2047==    at 0x4848899: malloc (in /usr/libexec/valgrind/vgpreload_memcheck-amd64-linux.so)
==2044==    by 0x189DC4: ??? (in /usr/bin/bash)
==2047==    by 0x493B58E: strdup (strdup.c:42)
==2044==    by 0x1746F6: expand_string_assignment (in /usr/bin/bash)
==2047==    by 0x48C9ACA: setlocale (setlocale.c:431)
==2044==    by 0x214D75: ??? (in /usr/bin/bash)
==2047==    by 0x48C9ACA: setlocale (setlocale.c:217)
==2044==    by 0x1AABDE: do_redirections (in /usr/bin/bash)
==2047==    by 0x1A77D6: ??? (in /usr/bin/bash)
==2044==    by 0x154580: ??? (in /usr/bin/bash)
==2047==    by 0x1A94D1: set_locale_var (in /usr/bin/bash)
==2044==    by 0x155AFC: execute_command_internal (in /usr/bin/bash)
==2047==    by 0x1A9825: set_default_lang (in /usr/bin/bash)
==2044==    by 0x1569B1: execute_command_internal (in /usr/bin/bash)
==2047==    by 0x139F39: main (in /usr/bin/bash)
==2044== 
==2047== 
==2044== 32 bytes in 1 blocks are still reachable in loss record 243 of 384
==2047== 8 bytes in 1 blocks are still reachable in loss record 63 of 381
==2044==    at 0x4848899: malloc (in /usr/libexec/valgrind/vgpreload_memcheck-amd64-linux.so)
==2047==    at 0x4848899: malloc (in /usr/libexec/valgrind/vgpreload_memcheck-amd64-linux.so)
==2044==    by 0x1B28AF: ??? (in /usr/bin/bash)
==2047==    by 0x493B58E: strdup (strdup.c:42)
==2044==    by 0x1B7975: parse_string (in /usr/bin/bash)
==2047==    by 0x48C9ACA: setlocale (setlocale.c:431)
==2044==    by 0x13F7B2: xparse_dolparen (in /usr/bin/bash)
==2047==    by 0x48C9ACA: setlocale (setlocale.c:217)
==2044==    by 0x17855F: ??? (in /usr/bin/bash)
==2047==    by 0x1A77EF: ??? (in /usr/bin/bash)
==2044==    by 0x189DC4: ??? (in /usr/bin/bash)
==2047==    by 0x1A94D1: set_locale_var (in /usr/bin/bash)
==2044==    by 0x1746F6: expand_string_assignment (in /usr/bin/bash)
==2047==    by 0x1A9825: set_default_lang (in /usr/bin/bash)
==2044==    by 0x214D75: ??? (in /usr/bin/bash)
==2047==    by 0x139F39: main (in /usr/bin/bash)
==2044==    by 0x1AABDE: do_redirections (in /usr/bin/bash)
==2047== 
==2044==    by 0x154580: ??? (in /usr/bin/bash)
==2044==    by 0x155AFC: execute_command_internal (in /usr/bin/bash)
==2047== 8 bytes in 1 blocks are still reachable in loss record 64 of 381
==2044==    by 0x1569B1: execute_command_internal (in /usr/bin/bash)
==2047==    at 0x4848899: malloc (in /usr/libexec/valgrind/vgpreload_memcheck-amd64-linux.so)
==2044== 
==2047==    by 0x48C96EB: new_composite_name (setlocale.c:165)
==2044== 32 bytes in 1 blocks are still reachable in loss record 244 of 384
==2047==    by 0x48C9AEA: setlocale (setlocale.c:437)
==2044==    at 0x4848899: malloc (in /usr/libexec/valgrind/vgpreload_memcheck-amd64-linux.so)
==2047==    by 0x48C9AEA: setlocale (setlocale.c:217)
==2044==    by 0x1B2C01: ??? (in /usr/bin/bash)
==2047==    by 0x1A77EF: ??? (in /usr/bin/bash)
==2044==    by 0x1B7975: parse_string (in /usr/bin/bash)
==2047==    by 0x1A94D1: set_locale_var (in /usr/bin/bash)
==2044==    by 0x13F7B2: xparse_dolparen (in /usr/bin/bash)
==2047==    by 0x1A9825: set_default_lang (in /usr/bin/bash)
==2044==    by 0x17855F: ??? (in /usr/bin/bash)
==2047==    by 0x139F39: main (in /usr/bin/bash)
==2044==    by 0x189DC4: ??? (in /usr/bin/bash)
==2047== 
==2044==    by 0x1746F6: expand_string_assignment (in /usr/bin/bash)
==2047== 8 bytes in 1 blocks are still reachable in loss record 65 of 381
==2044==    by 0x214D75: ??? (in /usr/bin/bash)
==2047==    at 0x4848899: malloc (in /usr/libexec/valgrind/vgpreload_memcheck-amd64-linux.so)
==2044==    by 0x1AABDE: do_redirections (in /usr/bin/bash)
==2047==    by 0x1A9767: set_lang (in /usr/bin/bash)
==2044==    by 0x154580: ??? (in /usr/bin/bash)
==2047==    by 0x139F39: main (in /usr/bin/bash)
==2044==    by 0x155AFC: execute_command_internal (in /usr/bin/bash)
==2047== 
==2044==    by 0x1569B1: execute_command_internal (in /usr/bin/bash)
==2047== 9 bytes in 1 blocks are still reachable in loss record 66 of 381
==2044== 
==2047==    at 0x4848899: malloc (in /usr/libexec/valgrind/vgpreload_memcheck-amd64-linux.so)
==2044== 32 bytes in 1 blocks are still reachable in loss record 245 of 384
==2047==    by 0x159BF3: ??? (in /usr/bin/bash)
==2044==    at 0x4848899: malloc (in /usr/libexec/valgrind/vgpreload_memcheck-amd64-linux.so)
==2047==    by 0x160497: ??? (in /usr/bin/bash)
==2044==    by 0x1B2995: ??? (in /usr/bin/bash)
==2047==    by 0x1613A0: ??? (in /usr/bin/bash)
==2044==    by 0x1B7975: parse_string (in /usr/bin/bash)
==2047==    by 0x165819: initialize_shell_variables (in /usr/bin/bash)
==2044==    by 0x13F7B2: xparse_dolparen (in /usr/bin/bash)
==2047==    by 0x13CB63: ??? (in /usr/bin/bash)
==2044==    by 0x17855F: ??? (in /usr/bin/bash)
==2047==    by 0x139F34: main (in /usr/bin/bash)
==2044==    by 0x189DC4: ??? (in /usr/bin/bash)
==2047== 
==2044==    by 0x1746F6: expand_string_assignment (in /usr/bin/bash)
==2047== 9 bytes in 1 blocks are still reachable in loss record 67 of 381
==2044==    by 0x214D75: ??? (in /usr/bin/bash)
==2047==    at 0x4848899: malloc (in /usr/libexec/valgrind/vgpreload_memcheck-amd64-linux.so)
==2044==    by 0x1AABDE: do_redirections (in /usr/bin/bash)
==2047==    by 0x1604BB: ??? (in /usr/bin/bash)
==2044==    by 0x154580: ??? (in /usr/bin/bash)
==2047==    by 0x1613A0: ??? (in /usr/bin/bash)
==2044==    by 0x155AFC: execute_command_internal (in /usr/bin/bash)
==2047==    by 0x165819: initialize_shell_variables (in /usr/bin/bash)
==2044==    by 0x1569B1: execute_command_internal (in /usr/bin/bash)
==2047==    by 0x13CB63: ??? (in /usr/bin/bash)
==2044== 
==2047==    by 0x139F34: main (in /usr/bin/bash)
==2044== 32 bytes in 1 blocks are still reachable in loss record 246 of 384
==2047== 
==2044==    at 0x4848899: malloc (in /usr/libexec/valgrind/vgpreload_memcheck-amd64-linux.so)
==2047== 9 bytes in 1 blocks are still reachable in loss record 68 of 381
==2044==    by 0x191D99: array_create (in /usr/bin/bash)
==2047==    at 0x4848899: malloc (in /usr/libexec/valgrind/vgpreload_memcheck-amd64-linux.so)
==2047==    by 0x159BF3: ??? (in /usr/bin/bash)
==2047==    by 0x160497: ??? (in /usr/bin/bash)
==2044==    by 0x191FD8: array_copy (in /usr/bin/bash)
==2047==    by 0x1613A0: ??? (in /usr/bin/bash)
==2044==    by 0x13F0C0: save_parser_state (in /usr/bin/bash)
==2047==    by 0x16582F: initialize_shell_variables (in /usr/bin/bash)
==2044==    by 0x13F74E: xparse_dolparen (in /usr/bin/bash)
==2047==    by 0x13CB63: ??? (in /usr/bin/bash)
==2044==    by 0x1801F3: ??? (in /usr/bin/bash)
==2047==    by 0x139F34: main (in /usr/bin/bash)
==2044==    by 0x189C57: ??? (in /usr/bin/bash)
==2047== 
==2044==    by 0x18B176: ??? (in /usr/bin/bash)
==2047== 9 bytes in 1 blocks are still reachable in loss record 69 of 381
==2044==    by 0x1746F6: expand_string_assignment (in /usr/bin/bash)
==2047==    at 0x4848899: malloc (in /usr/libexec/valgrind/vgpreload_memcheck-amd64-linux.so)
==2044==    by 0x214D75: ??? (in /usr/bin/bash)
==2047==    by 0x1604BB: ??? (in /usr/bin/bash)
==2044==    by 0x1AABDE: do_redirections (in /usr/bin/bash)
==2047==    by 0x1613A0: ??? (in /usr/bin/bash)
==2044==    by 0x154580: ??? (in /usr/bin/bash)
==2047==    by 0x16582F: initialize_shell_variables (in /usr/bin/bash)
==2044== 
==2047==    by 0x13CB63: ??? (in /usr/bin/bash)
==2044== 32 bytes in 1 blocks are still reachable in loss record 247 of 384
==2047==    by 0x139F34: main (in /usr/bin/bash)
==2044==    at 0x4848899: malloc (in /usr/libexec/valgrind/vgpreload_memcheck-amd64-linux.so)
==2047== 
==2044==    by 0x191E1B: array_create_element (in /usr/bin/bash)
==2047== 9 bytes in 1 blocks are still reachable in loss record 70 of 381
==2044==    by 0x192021: array_copy (in /usr/bin/bash)
==2047==    at 0x4848899: malloc (in /usr/libexec/valgrind/vgpreload_memcheck-amd64-linux.so)
==2044==    by 0x13F0C0: save_parser_state (in /usr/bin/bash)
==2047==    by 0x159BF3: ??? (in /usr/bin/bash)
==2044==    by 0x13F74E: xparse_dolparen (in /usr/bin/bash)
==2047==    by 0x160497: ??? (in /usr/bin/bash)
==2044==    by 0x1801F3: ??? (in /usr/bin/bash)
==2047==    by 0x166685: initialize_shell_variables (in /usr/bin/bash)
==2044==    by 0x189C57: ??? (in /usr/bin/bash)
==2047==    by 0x13CB63: ??? (in /usr/bin/bash)
==2044==    by 0x18B176: ??? (in /usr/bin/bash)
==2047==    by 0x139F34: main (in /usr/bin/bash)
==2044==    by 0x1746F6: expand_string_assignment (in /usr/bin/bash)
==2047== 
==2044==    by 0x214D75: ??? (in /usr/bin/bash)
==2047== 9 bytes in 1 blocks are still reachable in loss record 71 of 381
==2044==    by 0x1AABDE: do_redirections (in /usr/bin/bash)
==2047==    at 0x4848899: malloc (in /usr/libexec/valgrind/vgpreload_memcheck-amd64-linux.so)
==2044==    by 0x154580: ??? (in /usr/bin/bash)
==2047==    by 0x1604BB: ??? (in /usr/bin/bash)
==2044== 
==2047==    by 0x166685: initialize_shell_variables (in /usr/bin/bash)
==2044== 32 bytes in 1 blocks are still reachable in loss record 248 of 384
==2047==    by 0x13CB63: ??? (in /usr/bin/bash)
==2044==    at 0x4848899: malloc (in /usr/libexec/valgrind/vgpreload_memcheck-amd64-linux.so)
==2047==    by 0x139F34: main (in /usr/bin/bash)
==2044==    by 0x1B2654: ??? (in /usr/bin/bash)
==2047== 
==2044==    by 0x1B7975: parse_string (in /usr/bin/bash)
==2047== 9 bytes in 1 blocks are still reachable in loss record 72 of 381
==2044==    by 0x13F7B2: xparse_dolparen (in /usr/bin/bash)
==2047==    at 0x4848899: malloc (in /usr/libexec/valgrind/vgpreload_memcheck-amd64-linux.so)
==2044==    by 0x1801F3: ??? (in /usr/bin/bash)
==2047==    by 0x159BF3: ??? (in /usr/bin/bash)
==2044==    by 0x189C57: ??? (in /usr/bin/bash)
==2047==    by 0x160497: ??? (in /usr/bin/bash)
==2044==    by 0x18B176: ??? (in /usr/bin/bash)
==2047==    by 0x16648B: initialize_shell_variables (in /usr/bin/bash)
==2044==    by 0x1746F6: expand_string_assignment (in /usr/bin/bash)
==2047==    by 0x13CB63: ??? (in /usr/bin/bash)
==2044==    by 0x214D75: ??? (in /usr/bin/bash)
==2047==    by 0x139F34: main (in /usr/bin/bash)
==2044==    by 0x1AABDE: do_redirections (in /usr/bin/bash)
==2047== 
==2044==    by 0x154580: ??? (in /usr/bin/bash)
==2047== 9 bytes in 1 blocks are still reachable in loss record 73 of 381
==2044==    by 0x155AFC: execute_command_internal (in /usr/bin/bash)
==2047==    at 0x4848899: malloc (in /usr/libexec/valgrind/vgpreload_memcheck-amd64-linux.so)
==2044== 
==2047==    by 0x1604BB: ??? (in /usr/bin/bash)
==2044== 32 bytes in 1 blocks are still reachable in loss record 249 of 384
==2047==    by 0x16648B: initialize_shell_variables (in /usr/bin/bash)
==2044==    at 0x4848899: malloc (in /usr/libexec/valgrind/vgpreload_memcheck-amd64-linux.so)
==2047==    by 0x13CB63: ??? (in /usr/bin/bash)
==2044==    by 0x1B2778: ??? (in /usr/bin/bash)
==2047==    by 0x139F34: main (in /usr/bin/bash)
==2044==    by 0x1B7975: parse_string (in /usr/bin/bash)
==2047== 
==2044==    by 0x13F7B2: xparse_dolparen (in /usr/bin/bash)
==2047== 9 bytes in 1 blocks are still reachable in loss record 74 of 381
==2044==    by 0x1801F3: ??? (in /usr/bin/bash)
==2047==    at 0x4848899: malloc (in /usr/libexec/valgrind/vgpreload_memcheck-amd64-linux.so)
==2044==    by 0x189C57: ??? (in /usr/bin/bash)
==2047==    by 0x159BF3: ??? (in /usr/bin/bash)
==2044==    by 0x18B176: ??? (in /usr/bin/bash)
==2047==    by 0x160497: ??? (in /usr/bin/bash)
==2044==    by 0x1746F6: expand_string_assignment (in /usr/bin/bash)
==2047==    by 0x1613A0: ??? (in /usr/bin/bash)
==2044==    by 0x214D75: ??? (in /usr/bin/bash)
==2047==    by 0x1CC994: set_bashopts (in /usr/bin/bash)
==2044==    by 0x1AABDE: do_redirections (in /usr/bin/bash)
==2047==    by 0x13CB09: ??? (in /usr/bin/bash)
==2044==    by 0x154580: ??? (in /usr/bin/bash)
==2047==    by 0x139F34: main (in /usr/bin/bash)
==2044==    by 0x155AFC: execute_command_internal (in /usr/bin/bash)
==2047== 
==2044== 
==2047== 9 bytes in 1 blocks are still reachable in loss record 75 of 381
==2044== 32 bytes in 1 blocks are still reachable in loss record 250 of 384
==2047==    at 0x4848899: malloc (in /usr/libexec/valgrind/vgpreload_memcheck-amd64-linux.so)
==2044==    at 0x4848899: malloc (in /usr/libexec/valgrind/vgpreload_memcheck-amd64-linux.so)
==2047==    by 0x1604BB: ??? (in /usr/bin/bash)
==2044==    by 0x1B27B7: ??? (in /usr/bin/bash)
==2047==    by 0x1613A0: ??? (in /usr/bin/bash)
==2044==    by 0x1B7975: parse_string (in /usr/bin/bash)
==2047==    by 0x1CC994: set_bashopts (in /usr/bin/bash)
==2044==    by 0x13F7B2: xparse_dolparen (in /usr/bin/bash)
==2047==    by 0x13CB09: ??? (in /usr/bin/bash)
==2044==    by 0x1801F3: ??? (in /usr/bin/bash)
==2047==    by 0x139F34: main (in /usr/bin/bash)
==2044==    by 0x189C57: ??? (in /usr/bin/bash)
==2047== 
==2044==    by 0x18B176: ??? (in /usr/bin/bash)
==2047== 9 bytes in 1 blocks are still reachable in loss record 76 of 381
==2044==    by 0x1746F6: expand_string_assignment (in /usr/bin/bash)
==2047==    at 0x4848899: malloc (in /usr/libexec/valgrind/vgpreload_memcheck-amd64-linux.so)
==2044==    by 0x214D75: ??? (in /usr/bin/bash)
==2047==    by 0x159BF3: ??? (in /usr/bin/bash)
==2044==    by 0x1AABDE: do_redirections (in /usr/bin/bash)
==2047==    by 0x160497: ??? (in /usr/bin/bash)
==2044==    by 0x154580: ??? (in /usr/bin/bash)
==2047==    by 0x197857: find_or_make_array_variable (in /usr/bin/bash)
==2044==    by 0x155AFC: execute_command_internal (in /usr/bin/bash)
==2047==    by 0x198D43: assign_array_from_string (in /usr/bin/bash)
==2044== 
==2047==    by 0x17AFC1: ??? (in /usr/bin/bash)
==2044== 32 bytes in 1 blocks are still reachable in loss record 251 of 384
==2047==    by 0x190848: ??? (in /usr/bin/bash)
==2044==    at 0x4848899: malloc (in /usr/libexec/valgrind/vgpreload_memcheck-amd64-linux.so)
==2047==    by 0x153F3E: ??? (in /usr/bin/bash)
==2044==    by 0x1B27F8: ??? (in /usr/bin/bash)
==2047==    by 0x155AFC: execute_command_internal (in /usr/bin/bash)
==2044==    by 0x1B7975: parse_string (in /usr/bin/bash)
==2047==    by 0x158157: execute_command (in /usr/bin/bash)
==2044==    by 0x13F7B2: xparse_dolparen (in /usr/bin/bash)
==2047==    by 0x15696D: execute_command_internal (in /usr/bin/bash)
==2044==    by 0x1801F3: ??? (in /usr/bin/bash)
==2047==    by 0x158157: execute_command (in /usr/bin/bash)
==2044==    by 0x189C57: ??? (in /usr/bin/bash)
==2047== 
==2044==    by 0x18B176: ??? (in /usr/bin/bash)
==2047== 9 bytes in 1 blocks are still reachable in loss record 77 of 381
==2044==    by 0x1746F6: expand_string_assignment (in /usr/bin/bash)
==2047==    at 0x4848899: malloc (in /usr/libexec/valgrind/vgpreload_memcheck-amd64-linux.so)
==2044==    by 0x214D75: ??? (in /usr/bin/bash)
==2047==    by 0x1604BB: ??? (in /usr/bin/bash)
==2044==    by 0x1AABDE: do_redirections (in /usr/bin/bash)
==2047==    by 0x197857: find_or_make_array_variable (in /usr/bin/bash)
==2044==    by 0x154580: ??? (in /usr/bin/bash)
==2047==    by 0x198D43: assign_array_from_string (in /usr/bin/bash)
==2044==    by 0x155AFC: execute_command_internal (in /usr/bin/bash)
==2047==    by 0x17AFC1: ??? (in /usr/bin/bash)
==2044== 
==2047==    by 0x190848: ??? (in /usr/bin/bash)
==2044== 32 bytes in 1 blocks are still reachable in loss record 252 of 384
==2047==    by 0x153F3E: ??? (in /usr/bin/bash)
==2044==    at 0x4848899: malloc (in /usr/libexec/valgrind/vgpreload_memcheck-amd64-linux.so)
==2047==    by 0x155AFC: execute_command_internal (in /usr/bin/bash)
==2044==    by 0x1B2835: ??? (in /usr/bin/bash)
==2047==    by 0x158157: execute_command (in /usr/bin/bash)
==2044==    by 0x1B7975: parse_string (in /usr/bin/bash)
==2047==    by 0x15696D: execute_command_internal (in /usr/bin/bash)
==2044==    by 0x13F7B2: xparse_dolparen (in /usr/bin/bash)
==2047==    by 0x158157: execute_command (in /usr/bin/bash)
==2044==    by 0x1801F3: ??? (in /usr/bin/bash)
==2044==    by 0x189C57: ??? (in /usr/bin/bash)
==2044==    by 0x18B176: ??? (in /usr/bin/bash)
==2044==    by 0x1746F6: expand_string_assignment (in /usr/bin/bash)
==2044==    by 0x214D75: ??? (in /usr/bin/bash)
==2044==    by 0x1AABDE: do_redirections (in /usr/bin/bash)
==2044==    by 0x154580: ??? (in /usr/bin/bash)
==2044==    by 0x155AFC: execute_command_internal (in /usr/bin/bash)
==2044== 
==2044== 32 bytes in 1 blocks are still reachable in loss record 253 of 384
==2044==    at 0x4848899: malloc (in /usr/libexec/valgrind/vgpreload_memcheck-amd64-linux.so)
==2044==    by 0x1B2872: ??? (in /usr/bin/bash)
==2044==    by 0x1B7975: parse_string (in /usr/bin/bash)
==2044==    by 0x13F7B2: xparse_dolparen (in /usr/bin/bash)
==2044==    by 0x1801F3: ??? (in /usr/bin/bash)
==2044==    by 0x189C57: ??? (in /usr/bin/bash)
==2044==    by 0x18B176: ??? (in /usr/bin/bash)
==2044==    by 0x1746F6: expand_string_assignment (in /usr/bin/bash)
==2044==    by 0x214D75: ??? (in /usr/bin/bash)
==2044==    by 0x1AABDE: do_redirections (in /usr/bin/bash)
==2047==    by 0x155C69: execute_command_internal (in /usr/bin/bash)
==2044==    by 0x154580: ??? (in /usr/bin/bash)
==2047== 
==2044==    by 0x155AFC: execute_command_internal (in /usr/bin/bash)
==2047== 9 bytes in 1 blocks are still reachable in loss record 78 of 381
==2044== 
==2047==    at 0x4848899: malloc (in /usr/libexec/valgrind/vgpreload_memcheck-amd64-linux.so)
==2044== 32 bytes in 1 blocks are still reachable in loss record 254 of 384
==2047==    by 0x13F889: xparse_dolparen (in /usr/bin/bash)
==2044==    at 0x4848899: malloc (in /usr/libexec/valgrind/vgpreload_memcheck-amd64-linux.so)
==2047==    by 0x1801F3: ??? (in /usr/bin/bash)
==2044==    by 0x1B28AF: ??? (in /usr/bin/bash)
==2047==    by 0x189C57: ??? (in /usr/bin/bash)
==2044==    by 0x1B7975: parse_string (in /usr/bin/bash)
==2047==    by 0x18B176: ??? (in /usr/bin/bash)
==2044==    by 0x13F7B2: xparse_dolparen (in /usr/bin/bash)
==2047==    by 0x1746F6: expand_string_assignment (in /usr/bin/bash)
==2044==    by 0x1801F3: ??? (in /usr/bin/bash)
==2047==    by 0x214D75: ??? (in /usr/bin/bash)
==2044==    by 0x189C57: ??? (in /usr/bin/bash)
==2047==    by 0x1AABDE: do_redirections (in /usr/bin/bash)
==2044==    by 0x18B176: ??? (in /usr/bin/bash)
==2047==    by 0x154580: ??? (in /usr/bin/bash)
==2044==    by 0x1746F6: expand_string_assignment (in /usr/bin/bash)
==2047==    by 0x155AFC: execute_command_internal (in /usr/bin/bash)
==2044==    by 0x214D75: ??? (in /usr/bin/bash)
==2047==    by 0x1569B1: execute_command_internal (in /usr/bin/bash)
==2044==    by 0x1AABDE: do_redirections (in /usr/bin/bash)
==2047==    by 0x158157: execute_command (in /usr/bin/bash)
==2044==    by 0x154580: ??? (in /usr/bin/bash)
==2047== 
==2044==    by 0x155AFC: execute_command_internal (in /usr/bin/bash)
==2047== 10 bytes in 1 blocks are still reachable in loss record 79 of 381
==2044== 
==2047==    at 0x4848899: malloc (in /usr/libexec/valgrind/vgpreload_memcheck-amd64-linux.so)
==2044== 32 bytes in 1 blocks are still reachable in loss record 255 of 384
==2047==    by 0x160E54: make_variable_value (in /usr/bin/bash)
==2044==    at 0x4848899: malloc (in /usr/libexec/valgrind/vgpreload_memcheck-amd64-linux.so)
==2047==    by 0x1613B1: ??? (in /usr/bin/bash)
==2044==    by 0x1B2C01: ??? (in /usr/bin/bash)
==2047==    by 0x16580A: initialize_shell_variables (in /usr/bin/bash)
==2044==    by 0x1B7975: parse_string (in /usr/bin/bash)
==2047==    by 0x13CB63: ??? (in /usr/bin/bash)
==2044==    by 0x13F7B2: xparse_dolparen (in /usr/bin/bash)
==2047==    by 0x139F34: main (in /usr/bin/bash)
==2044==    by 0x1801F3: ??? (in /usr/bin/bash)
==2047== 
==2044==    by 0x189C57: ??? (in /usr/bin/bash)
==2047== 10 bytes in 1 blocks are still reachable in loss record 80 of 381
==2044==    by 0x18B176: ??? (in /usr/bin/bash)
==2047==    at 0x4848899: malloc (in /usr/libexec/valgrind/vgpreload_memcheck-amd64-linux.so)
==2044==    by 0x1746F6: expand_string_assignment (in /usr/bin/bash)
==2047==    by 0x160E54: make_variable_value (in /usr/bin/bash)
==2044==    by 0x214D75: ??? (in /usr/bin/bash)
==2047==    by 0x1613B1: ??? (in /usr/bin/bash)
==2044==    by 0x1AABDE: do_redirections (in /usr/bin/bash)
==2047==    by 0x16593C: initialize_shell_variables (in /usr/bin/bash)
==2044==    by 0x154580: ??? (in /usr/bin/bash)
==2047==    by 0x13CB63: ??? (in /usr/bin/bash)
==2044==    by 0x155AFC: execute_command_internal (in /usr/bin/bash)
==2047==    by 0x139F34: main (in /usr/bin/bash)
==2044== 
==2047== 
==2044== 32 bytes in 1 blocks are still reachable in loss record 256 of 384
==2047== 10 bytes in 1 blocks are still reachable in loss record 81 of 381
==2044==    at 0x4848899: malloc (in /usr/libexec/valgrind/vgpreload_memcheck-amd64-linux.so)
==2047==    at 0x4848899: malloc (in /usr/libexec/valgrind/vgpreload_memcheck-amd64-linux.so)
==2044==    by 0x1B2995: ??? (in /usr/bin/bash)
==2047==    by 0x159BF3: ??? (in /usr/bin/bash)
==2044==    by 0x1B7975: parse_string (in /usr/bin/bash)
==2047==    by 0x160497: ??? (in /usr/bin/bash)
==2044==    by 0x13F7B2: xparse_dolparen (in /usr/bin/bash)
==2047==    by 0x166609: initialize_shell_variables (in /usr/bin/bash)
==2044==    by 0x1801F3: ??? (in /usr/bin/bash)
==2047==    by 0x13CB63: ??? (in /usr/bin/bash)
==2044==    by 0x189C57: ??? (in /usr/bin/bash)
==2047==    by 0x139F34: main (in /usr/bin/bash)
==2044==    by 0x18B176: ??? (in /usr/bin/bash)
==2047== 
==2044==    by 0x1746F6: expand_string_assignment (in /usr/bin/bash)
==2047== 10 bytes in 1 blocks are still reachable in loss record 82 of 381
==2044==    by 0x214D75: ??? (in /usr/bin/bash)
==2047==    at 0x4848899: malloc (in /usr/libexec/valgrind/vgpreload_memcheck-amd64-linux.so)
==2044==    by 0x1AABDE: do_redirections (in /usr/bin/bash)
==2047==    by 0x1604BB: ??? (in /usr/bin/bash)
==2044==    by 0x154580: ??? (in /usr/bin/bash)
==2047==    by 0x166609: initialize_shell_variables (in /usr/bin/bash)
==2044==    by 0x155AFC: execute_command_internal (in /usr/bin/bash)
==2047==    by 0x13CB63: ??? (in /usr/bin/bash)
==2044== 
==2047==    by 0x139F34: main (in /usr/bin/bash)
==2044== 32 bytes in 1 blocks are still reachable in loss record 257 of 384
==2047== 
==2044==    at 0x4848899: malloc (in /usr/libexec/valgrind/vgpreload_memcheck-amd64-linux.so)
==2047== 10 bytes in 1 blocks are still reachable in loss record 83 of 381
==2044==    by 0x16F098: make_child (in /usr/bin/bash)
==2047==    at 0x4848899: malloc (in /usr/libexec/valgrind/vgpreload_memcheck-amd64-linux.so)
==2044==    by 0x17E31B: command_substitute (in /usr/bin/bash)
==2047==    by 0x159BF3: ??? (in /usr/bin/bash)
==2044==    by 0x180231: ??? (in /usr/bin/bash)
==2047==    by 0x160497: ??? (in /usr/bin/bash)
==2044==    by 0x189C57: ??? (in /usr/bin/bash)
==2047==    by 0x1665CB: initialize_shell_variables (in /usr/bin/bash)
==2044==    by 0x18B176: ??? (in /usr/bin/bash)
==2047==    by 0x13CB63: ??? (in /usr/bin/bash)
==2044==    by 0x1746F6: expand_string_assignment (in /usr/bin/bash)
==2047==    by 0x139F34: main (in /usr/bin/bash)
==2044==    by 0x214D75: ??? (in /usr/bin/bash)
==2047== 
==2044==    by 0x1AABDE: do_redirections (in /usr/bin/bash)
==2047== 10 bytes in 1 blocks are still reachable in loss record 84 of 381
==2044==    by 0x154580: ??? (in /usr/bin/bash)
==2047==    at 0x4848899: malloc (in /usr/libexec/valgrind/vgpreload_memcheck-amd64-linux.so)
==2044==    by 0x155AFC: execute_command_internal (in /usr/bin/bash)
==2047==    by 0x1604BB: ??? (in /usr/bin/bash)
==2044==    by 0x1569B1: execute_command_internal (in /usr/bin/bash)
==2047==    by 0x1665CB: initialize_shell_variables (in /usr/bin/bash)
==2044== 
==2047==    by 0x13CB63: ??? (in /usr/bin/bash)
==2044== 32 bytes in 2 blocks are still reachable in loss record 258 of 384
==2047==    by 0x139F34: main (in /usr/bin/bash)
==2044==    at 0x4848899: malloc (in /usr/libexec/valgrind/vgpreload_memcheck-amd64-linux.so)
==2047== 
==2044==    by 0x1695F1: copy_word_list (in /usr/bin/bash)
==2047== 10 bytes in 1 blocks are still reachable in loss record 85 of 381
==2044==    by 0x18FC10: ??? (in /usr/bin/bash)
==2047==    at 0x4848899: malloc (in /usr/libexec/valgrind/vgpreload_memcheck-amd64-linux.so)
==2044==    by 0x153494: ??? (in /usr/bin/bash)
==2047==    by 0x159BF3: ??? (in /usr/bin/bash)
==2044==    by 0x155AFC: execute_command_internal (in /usr/bin/bash)
==2047==    by 0x160497: ??? (in /usr/bin/bash)
==2044==    by 0x158157: execute_command (in /usr/bin/bash)
==2047==    by 0x16650C: initialize_shell_variables (in /usr/bin/bash)
==2044==    by 0x155C24: execute_command_internal (in /usr/bin/bash)
==2047==    by 0x13CB63: ??? (in /usr/bin/bash)
==2044==    by 0x158157: execute_command (in /usr/bin/bash)
==2047==    by 0x139F34: main (in /usr/bin/bash)
==2044==    by 0x14938A: reader_loop (in /usr/bin/bash)
==2047== 
==2044==    by 0x13AC05: main (in /usr/bin/bash)
==2047== 10 bytes in 1 blocks are still reachable in loss record 86 of 381
==2044== 
==2047==    at 0x4848899: malloc (in /usr/libexec/valgrind/vgpreload_memcheck-amd64-linux.so)
==2044== 32 bytes in 2 blocks are still reachable in loss record 259 of 384
==2047==    by 0x1604BB: ??? (in /usr/bin/bash)
==2044==    at 0x4848899: malloc (in /usr/libexec/valgrind/vgpreload_memcheck-amd64-linux.so)
==2047==    by 0x16650C: initialize_shell_variables (in /usr/bin/bash)
==2044==    by 0x14BF7D: alloc_word_desc (in /usr/bin/bash)
==2047==    by 0x13CB63: ??? (in /usr/bin/bash)
==2044==    by 0x18ABD0: ??? (in /usr/bin/bash)
==2047==    by 0x139F34: main (in /usr/bin/bash)
==2044==    by 0x18FCF8: ??? (in /usr/bin/bash)
==2047== 
==2044==    by 0x153494: ??? (in /usr/bin/bash)
==2047== 10 bytes in 1 blocks are still reachable in loss record 87 of 381
==2044==    by 0x155AFC: execute_command_internal (in /usr/bin/bash)
==2047==    at 0x4848899: malloc (in /usr/libexec/valgrind/vgpreload_memcheck-amd64-linux.so)
==2044==    by 0x158157: execute_command (in /usr/bin/bash)
==2047==    by 0x159BF3: ??? (in /usr/bin/bash)
==2044==    by 0x155C24: execute_command_internal (in /usr/bin/bash)
==2047==    by 0x160497: ??? (in /usr/bin/bash)
==2044==    by 0x158157: execute_command (in /usr/bin/bash)
==2047==    by 0x1613A0: ??? (in /usr/bin/bash)
==2044==    by 0x14938A: reader_loop (in /usr/bin/bash)
==2047==    by 0x1BF6D4: set_shellopts (in /usr/bin/bash)
==2044==    by 0x13AC05: main (in /usr/bin/bash)
==2047==    by 0x13CAEF: ??? (in /usr/bin/bash)
==2044== 
==2047==    by 0x139F34: main (in /usr/bin/bash)
==2044== 32 bytes in 2 blocks are still reachable in loss record 260 of 384
==2047== 
==2044==    at 0x4848899: malloc (in /usr/libexec/valgrind/vgpreload_memcheck-amd64-linux.so)
==2047== 10 bytes in 1 blocks are still reachable in loss record 88 of 381
==2044==    by 0x14C2B9: make_word_list (in /usr/bin/bash)
==2047==    at 0x4848899: malloc (in /usr/libexec/valgrind/vgpreload_memcheck-amd64-linux.so)
==2044==    by 0x18B3E4: ??? (in /usr/bin/bash)
==2047==    by 0x1604BB: ??? (in /usr/bin/bash)
==2044==    by 0x18FCF8: ??? (in /usr/bin/bash)
==2047==    by 0x1613A0: ??? (in /usr/bin/bash)
==2044==    by 0x153494: ??? (in /usr/bin/bash)
==2047==    by 0x1BF6D4: set_shellopts (in /usr/bin/bash)
==2044==    by 0x155AFC: execute_command_internal (in /usr/bin/bash)
==2047==    by 0x13CAEF: ??? (in /usr/bin/bash)
==2044==    by 0x158157: execute_command (in /usr/bin/bash)
==2047==    by 0x139F34: main (in /usr/bin/bash)
==2044==    by 0x155C24: execute_command_internal (in /usr/bin/bash)
==2047== 
==2044==    by 0x158157: execute_command (in /usr/bin/bash)
==2047== 10 bytes in 1 blocks are still reachable in loss record 89 of 381
==2044==    by 0x14938A: reader_loop (in /usr/bin/bash)
==2047==    at 0x4848899: malloc (in /usr/libexec/valgrind/vgpreload_memcheck-amd64-linux.so)
==2044==    by 0x13AC05: main (in /usr/bin/bash)
==2047==    by 0x14477C: ??? (in /usr/bin/bash)
==2044== 
==2047==    by 0x145BC2: yyparse (in /usr/bin/bash)
==2044== 32 bytes in 4 blocks are still reachable in loss record 261 of 384
==2047==    by 0x148DF9: parse_command (in /usr/bin/bash)
==2044==    at 0x4848899: malloc (in /usr/libexec/valgrind/vgpreload_memcheck-amd64-linux.so)
==2047==    by 0x148FEC: read_command (in /usr/bin/bash)
==2044==    by 0x14383F: ??? (in /usr/bin/bash)
==2047==    by 0x1492C5: reader_loop (in /usr/bin/bash)
==2044==    by 0x145BC2: yyparse (in /usr/bin/bash)
==2047==    by 0x13AC05: main (in /usr/bin/bash)
==2044==    by 0x148DF9: parse_command (in /usr/bin/bash)
==2047== 
==2044==    by 0x148FEC: read_command (in /usr/bin/bash)
==2047== 11 bytes in 1 blocks are still reachable in loss record 90 of 381
==2044==    by 0x1492C5: reader_loop (in /usr/bin/bash)
==2047==    at 0x4848899: malloc (in /usr/libexec/valgrind/vgpreload_memcheck-amd64-linux.so)
==2044==    by 0x13AC05: main (in /usr/bin/bash)
==2047==    by 0x159BF3: ??? (in /usr/bin/bash)
==2044== 
==2047==    by 0x160497: ??? (in /usr/bin/bash)
==2044== 40 bytes in 1 blocks are still reachable in loss record 262 of 384
==2047==    by 0x1613A0: ??? (in /usr/bin/bash)
==2044==    at 0x4848899: malloc (in /usr/libexec/valgrind/vgpreload_memcheck-amd64-linux.so)
==2047==    by 0x165CDA: initialize_shell_variables (in /usr/bin/bash)
==2044==    by 0x15D209: ??? (in /usr/bin/bash)
==2047==    by 0x13CB63: ??? (in /usr/bin/bash)
==2044==    by 0x165700: initialize_shell_variables (in /usr/bin/bash)
==2047==    by 0x139F34: main (in /usr/bin/bash)
==2044==    by 0x13CB63: ??? (in /usr/bin/bash)
==2047== 
==2044==    by 0x139F34: main (in /usr/bin/bash)
==2047== 11 bytes in 1 blocks are still reachable in loss record 91 of 381
==2044== 
==2047==    at 0x4848899: malloc (in /usr/libexec/valgrind/vgpreload_memcheck-amd64-linux.so)
==2044== 40 bytes in 1 blocks are still reachable in loss record 263 of 384
==2047==    by 0x1604BB: ??? (in /usr/bin/bash)
==2044==    at 0x4848899: malloc (in /usr/libexec/valgrind/vgpreload_memcheck-amd64-linux.so)
==2047==    by 0x1613A0: ??? (in /usr/bin/bash)
==2044==    by 0x191D64: array_create (in /usr/bin/bash)
==2047==    by 0x165CDA: initialize_shell_variables (in /usr/bin/bash)
==2044==    by 0x1659AD: initialize_shell_variables (in /usr/bin/bash)
==2047==    by 0x13CB63: ??? (in /usr/bin/bash)
==2044==    by 0x13CB63: ??? (in /usr/bin/bash)
==2047==    by 0x139F34: main (in /usr/bin/bash)
==2044==    by 0x139F34: main (in /usr/bin/bash)
==2047== 
==2044== 
==2047== 11 bytes in 1 blocks are still reachable in loss record 92 of 381
==2044== 40 bytes in 1 blocks are still reachable in loss record 264 of 384
==2047==    at 0x4848899: malloc (in /usr/libexec/valgrind/vgpreload_memcheck-amd64-linux.so)
==2044==    at 0x4848899: malloc (in /usr/libexec/valgrind/vgpreload_memcheck-amd64-linux.so)
==2047==    by 0x159BF3: ??? (in /usr/bin/bash)
==2044==    by 0x191D64: array_create (in /usr/bin/bash)
==2047==    by 0x160497: ??? (in /usr/bin/bash)
==2044==    by 0x16668D: initialize_shell_variables (in /usr/bin/bash)
==2047==    by 0x168CB5: set_pipestatus_array (in /usr/bin/bash)
==2044==    by 0x13CB63: ??? (in /usr/bin/bash)
==2047==    by 0x154383: ??? (in /usr/bin/bash)
==2044==    by 0x139F34: main (in /usr/bin/bash)
==2047==    by 0x155AFC: execute_command_internal (in /usr/bin/bash)
==2044== 
==2047==    by 0x158157: execute_command (in /usr/bin/bash)
==2044== 40 bytes in 1 blocks are still reachable in loss record 265 of 384
==2047==    by 0x14938A: reader_loop (in /usr/bin/bash)
==2044==    at 0x4848899: malloc (in /usr/libexec/valgrind/vgpreload_memcheck-amd64-linux.so)
==2047==    by 0x13AC05: main (in /usr/bin/bash)
==2044==    by 0x191D64: array_create (in /usr/bin/bash)
==2047== 
==2044==    by 0x16664F: initialize_shell_variables (in /usr/bin/bash)
==2047== 11 bytes in 1 blocks are still reachable in loss record 93 of 381
==2044==    by 0x13CB63: ??? (in /usr/bin/bash)
==2047==    at 0x4848899: malloc (in /usr/libexec/valgrind/vgpreload_memcheck-amd64-linux.so)
==2044==    by 0x139F34: main (in /usr/bin/bash)
==2047==    by 0x1604BB: ??? (in /usr/bin/bash)
==2044== 
==2047==    by 0x168CB5: set_pipestatus_array (in /usr/bin/bash)
==2044== 40 bytes in 1 blocks are still reachable in loss record 266 of 384
==2047==    by 0x154383: ??? (in /usr/bin/bash)
==2044==    at 0x4848899: malloc (in /usr/libexec/valgrind/vgpreload_memcheck-amd64-linux.so)
==2047==    by 0x155AFC: execute_command_internal (in /usr/bin/bash)
==2044==    by 0x191D64: array_create (in /usr/bin/bash)
==2047==    by 0x158157: execute_command (in /usr/bin/bash)
==2044==    by 0x166611: initialize_shell_variables (in /usr/bin/bash)
==2047==    by 0x14938A: reader_loop (in /usr/bin/bash)
==2044==    by 0x13CB63: ??? (in /usr/bin/bash)
==2047==    by 0x13AC05: main (in /usr/bin/bash)
==2044==    by 0x139F34: main (in /usr/bin/bash)
==2047== 
==2044== 
==2047== 12 bytes in 1 blocks are still reachable in loss record 94 of 381
==2044== 40 bytes in 1 blocks are still reachable in loss record 267 of 384
==2047==    at 0x4848899: malloc (in /usr/libexec/valgrind/vgpreload_memcheck-amd64-linux.so)
==2044==    at 0x4848899: malloc (in /usr/libexec/valgrind/vgpreload_memcheck-amd64-linux.so)
==2047==    by 0x159BF3: ??? (in /usr/bin/bash)
==2044==    by 0x191D64: array_create (in /usr/bin/bash)
==2047==    by 0x160497: ??? (in /usr/bin/bash)
==2044==    by 0x1665D3: initialize_shell_variables (in /usr/bin/bash)
==2047==    by 0x16658D: initialize_shell_variables (in /usr/bin/bash)
==2044==    by 0x13CB63: ??? (in /usr/bin/bash)
==2047==    by 0x13CB63: ??? (in /usr/bin/bash)
==2044==    by 0x139F34: main (in /usr/bin/bash)
==2047==    by 0x139F34: main (in /usr/bin/bash)
==2044== 
==2047== 
==2044== 40 bytes in 1 blocks are still reachable in loss record 268 of 384
==2047== 12 bytes in 1 blocks are still reachable in loss record 95 of 381
==2044==    at 0x4848899: malloc (in /usr/libexec/valgrind/vgpreload_memcheck-amd64-linux.so)
==2047==    at 0x4848899: malloc (in /usr/libexec/valgrind/vgpreload_memcheck-amd64-linux.so)
==2044==    by 0x191D64: array_create (in /usr/bin/bash)
==2047==    by 0x1604BB: ??? (in /usr/bin/bash)
==2044==    by 0x166595: initialize_shell_variables (in /usr/bin/bash)
==2047==    by 0x16658D: initialize_shell_variables (in /usr/bin/bash)
==2044==    by 0x13CB63: ??? (in /usr/bin/bash)
==2047==    by 0x13CB63: ??? (in /usr/bin/bash)
==2044==    by 0x139F34: main (in /usr/bin/bash)
==2047==    by 0x139F34: main (in /usr/bin/bash)
==2044== 
==2047== 
==2044== 40 bytes in 1 blocks are still reachable in loss record 269 of 384
==2047== 12 bytes in 1 blocks are still reachable in loss record 96 of 381
==2044==    at 0x4848899: malloc (in /usr/libexec/valgrind/vgpreload_memcheck-amd64-linux.so)
==2047==    at 0x4848899: malloc (in /usr/libexec/valgrind/vgpreload_memcheck-amd64-linux.so)
==2044==    by 0x191D64: array_create (in /usr/bin/bash)
==2047==    by 0x159BF3: ??? (in /usr/bin/bash)
==2044==    by 0x166557: initialize_shell_variables (in /usr/bin/bash)
==2047==    by 0x160497: ??? (in /usr/bin/bash)
==2044==    by 0x13CB63: ??? (in /usr/bin/bash)
==2047==    by 0x16654F: initialize_shell_variables (in /usr/bin/bash)
==2044==    by 0x139F34: main (in /usr/bin/bash)
==2047==    by 0x13CB63: ??? (in /usr/bin/bash)
==2044== 
==2047==    by 0x139F34: main (in /usr/bin/bash)
==2044== 40 bytes in 1 blocks are still reachable in loss record 270 of 384
==2047== 
==2044==    at 0x4848899: malloc (in /usr/libexec/valgrind/vgpreload_memcheck-amd64-linux.so)
==2047== 12 bytes in 1 blocks are still reachable in loss record 97 of 381
==2044==    by 0x191D64: array_create (in /usr/bin/bash)
==2047==    at 0x4848899: malloc (in /usr/libexec/valgrind/vgpreload_memcheck-amd64-linux.so)
==2044==    by 0x166493: initialize_shell_variables (in /usr/bin/bash)
==2047==    by 0x1604BB: ??? (in /usr/bin/bash)
==2044==    by 0x13CB63: ??? (in /usr/bin/bash)
==2047==    by 0x16654F: initialize_shell_variables (in /usr/bin/bash)
==2044==    by 0x139F34: main (in /usr/bin/bash)
==2047==    by 0x13CB63: ??? (in /usr/bin/bash)
==2044== 
==2047==    by 0x139F34: main (in /usr/bin/bash)
==2044== 40 bytes in 1 blocks are still reachable in loss record 271 of 384
==2047== 
==2044==    at 0x4848899: malloc (in /usr/libexec/valgrind/vgpreload_memcheck-amd64-linux.so)
==2047== 13 bytes in 1 blocks are still reachable in loss record 98 of 381
==2044==    by 0x191D64: array_create (in /usr/bin/bash)
==2047==    at 0x4848899: malloc (in /usr/libexec/valgrind/vgpreload_memcheck-amd64-linux.so)
==2044==    by 0x19785F: find_or_make_array_variable (in /usr/bin/bash)
==2047==    by 0x159BF3: ??? (in /usr/bin/bash)
==2044==    by 0x198D43: assign_array_from_string (in /usr/bin/bash)
==2047==    by 0x160497: ??? (in /usr/bin/bash)
==2044==    by 0x17AFC1: ??? (in /usr/bin/bash)
==2047==    by 0x1613A0: ??? (in /usr/bin/bash)
==2044==    by 0x190848: ??? (in /usr/bin/bash)
==2047==    by 0x165981: initialize_shell_variables (in /usr/bin/bash)
==2044==    by 0x153F3E: ??? (in /usr/bin/bash)
==2047==    by 0x13CB63: ??? (in /usr/bin/bash)
==2044==    by 0x155AFC: execute_command_internal (in /usr/bin/bash)
==2047==    by 0x139F34: main (in /usr/bin/bash)
==2044==    by 0x158157: execute_command (in /usr/bin/bash)
==2047== 
==2044==    by 0x14938A: reader_loop (in /usr/bin/bash)
==2047== 13 bytes in 1 blocks are still reachable in loss record 99 of 381
==2044==    by 0x13AC05: main (in /usr/bin/bash)
==2047==    at 0x4848899: malloc (in /usr/libexec/valgrind/vgpreload_memcheck-amd64-linux.so)
==2044== 
==2047==    by 0x1604BB: ??? (in /usr/bin/bash)
==2044== 40 bytes in 1 blocks are still reachable in loss record 272 of 384
==2047==    by 0x1613A0: ??? (in /usr/bin/bash)
==2044==    at 0x4848899: malloc (in /usr/libexec/valgrind/vgpreload_memcheck-amd64-linux.so)
